Archive member included to satisfy reference by file (symbol)

C:\Users\Nick\Documents\LPCXpresso_8.2.2_650\workspace\lpc_board_nxp_lpcxpresso_1549\Debug\liblpc_board_nxp_lpcxpresso_1549.a(board.o)
                              ./src/uart_test.o (Board_LED_Set)
C:\Users\Nick\Documents\LPCXpresso_8.2.2_650\workspace\lpc_board_nxp_lpcxpresso_1549\Debug\liblpc_board_nxp_lpcxpresso_1549.a(board_sysinit.o)
                              ./src/sysinit.o (Board_SystemInit)
C:\Users\Nick\Documents\LPCXpresso_8.2.2_650\workspace\lpc_chip_15xx\Debug\liblpc_chip_15xx.a(chip_15xx.o)
                              ./src/uart_test.o (SystemCoreClock)
C:\Users\Nick\Documents\LPCXpresso_8.2.2_650\workspace\lpc_chip_15xx\Debug\liblpc_chip_15xx.a(clock_15xx.o)
                              ./src/SerialPort.o (Chip_Clock_GetMainClockRate)
C:\Users\Nick\Documents\LPCXpresso_8.2.2_650\workspace\lpc_chip_15xx\Debug\liblpc_chip_15xx.a(gpio_15xx.o)
                              C:\Users\Nick\Documents\LPCXpresso_8.2.2_650\workspace\lpc_board_nxp_lpcxpresso_1549\Debug\liblpc_board_nxp_lpcxpresso_1549.a(board.o) (Chip_GPIO_Init)
C:\Users\Nick\Documents\LPCXpresso_8.2.2_650\workspace\lpc_chip_15xx\Debug\liblpc_chip_15xx.a(i2c_common_15xx.o)
                              ./src/I2C.o (Chip_I2C_Init)
C:\Users\Nick\Documents\LPCXpresso_8.2.2_650\workspace\lpc_chip_15xx\Debug\liblpc_chip_15xx.a(i2cm_15xx.o)
                              ./src/I2C.o (Chip_I2CM_SetBusSpeed)
C:\Users\Nick\Documents\LPCXpresso_8.2.2_650\workspace\lpc_chip_15xx\Debug\liblpc_chip_15xx.a(iocon_15xx.o)
                              C:\Users\Nick\Documents\LPCXpresso_8.2.2_650\workspace\lpc_board_nxp_lpcxpresso_1549\Debug\liblpc_board_nxp_lpcxpresso_1549.a(board_sysinit.o) (Chip_IOCON_SetPinMuxing)
C:\Users\Nick\Documents\LPCXpresso_8.2.2_650\workspace\lpc_chip_15xx\Debug\liblpc_chip_15xx.a(ring_buffer.o)
                              ./src/SerialPort.o (RingBuffer_Init)
C:\Users\Nick\Documents\LPCXpresso_8.2.2_650\workspace\lpc_chip_15xx\Debug\liblpc_chip_15xx.a(swm_15xx.o)
                              ./src/SerialPort.o (Chip_SWM_MovablePinAssign)
C:\Users\Nick\Documents\LPCXpresso_8.2.2_650\workspace\lpc_chip_15xx\Debug\liblpc_chip_15xx.a(sysctl_15xx.o)
                              C:\Users\Nick\Documents\LPCXpresso_8.2.2_650\workspace\lpc_board_nxp_lpcxpresso_1549\Debug\liblpc_board_nxp_lpcxpresso_1549.a(board_sysinit.o) (Chip_SYSCTL_AssertPeriphReset)
C:\Users\Nick\Documents\LPCXpresso_8.2.2_650\workspace\lpc_chip_15xx\Debug\liblpc_chip_15xx.a(sysinit_15xx.o)
                              C:\Users\Nick\Documents\LPCXpresso_8.2.2_650\workspace\lpc_board_nxp_lpcxpresso_1549\Debug\liblpc_board_nxp_lpcxpresso_1549.a(board_sysinit.o) (Chip_SetupXtalClocking)
C:\Users\Nick\Documents\LPCXpresso_8.2.2_650\workspace\lpc_chip_15xx\Debug\liblpc_chip_15xx.a(uart_15xx.o)
                              ./src/SerialPort.o (Chip_UART_Init)
c:/nxp/lpcxpresso_8.2.2_650/lpcxpresso/tools/bin/../lib/gcc/arm-none-eabi/5.4.1/armv7-m\libgcc.a(_arm_addsubdf3.o)
                              ./src/uart_test.o (__aeabi_dsub)
c:/nxp/lpcxpresso_8.2.2_650/lpcxpresso/tools/bin/../lib/gcc/arm-none-eabi/5.4.1/armv7-m\libgcc.a(_arm_muldivdf3.o)
                              ./src/uart_test.o (__aeabi_ddiv)
c:/nxp/lpcxpresso_8.2.2_650/lpcxpresso/tools/bin/../lib/gcc/arm-none-eabi/5.4.1/armv7-m\libgcc.a(_arm_fixdfsi.o)
                              ./src/uart_test.o (__aeabi_d2iz)
c:/nxp/lpcxpresso_8.2.2_650/lpcxpresso/tools/bin/../lib/gcc/arm-none-eabi/5.4.1/armv7-m\libgcc.a(_arm_truncdfsf2.o)
                              ./src/uart_test.o (__aeabi_d2f)
c:/nxp/lpcxpresso_8.2.2_650/lpcxpresso/tools/bin/../lib/gcc/arm-none-eabi/5.4.1/armv7-m\libgcc.a(_arm_addsubsf3.o)
                              ./src/uart_test.o (__aeabi_i2f)
c:/nxp/lpcxpresso_8.2.2_650/lpcxpresso/tools/bin/../lib/gcc/arm-none-eabi/5.4.1/armv7-m\libgcc.a(_arm_cmpsf2.o)
                              ./src/uart_test.o (__aeabi_fcmplt)
c:/nxp/lpcxpresso_8.2.2_650/lpcxpresso/tools/bin/../lib/gcc/arm-none-eabi/5.4.1/armv7-m\libgcc.a(_aeabi_uldivmod.o)
                              C:\Users\Nick\Documents\LPCXpresso_8.2.2_650\workspace\lpc_chip_15xx\Debug\liblpc_chip_15xx.a(clock_15xx.o) (__aeabi_uldivmod)
c:/nxp/lpcxpresso_8.2.2_650/lpcxpresso/tools/bin/../lib/gcc/arm-none-eabi/5.4.1/armv7-m\libgcc.a(_udivmoddi4.o)
                              c:/nxp/lpcxpresso_8.2.2_650/lpcxpresso/tools/bin/../lib/gcc/arm-none-eabi/5.4.1/armv7-m\libgcc.a(_aeabi_uldivmod.o) (__udivmoddi4)
c:/nxp/lpcxpresso_8.2.2_650/lpcxpresso/tools/bin/../lib/gcc/arm-none-eabi/5.4.1/armv7-m\libgcc.a(_dvmd_tls.o)
                              c:/nxp/lpcxpresso_8.2.2_650/lpcxpresso/tools/bin/../lib/gcc/arm-none-eabi/5.4.1/armv7-m\libgcc.a(_aeabi_uldivmod.o) (__aeabi_ldiv0)
c:/nxp/lpcxpresso_8.2.2_650/lpcxpresso/tools/bin/../lib/gcc/arm-none-eabi/5.4.1/../../../../arm-none-eabi/lib/armv7-m\libc.a(lib_a-init.o)
[...]
Memory Configuration

Name             Origin             Length             Attributes
MFlash256        0x00000000         0x00040000         xr
Ram0_16          0x02000000         0x00004000         xrw
Ram1_16          0x02004000         0x00004000         xrw
Ram2_4           0x02008000         0x00001000         xrw
*default*        0x00000000         0xffffffff

Linker script and memory map

LOAD ./src/I2C.o
LOAD ./src/ModbusMaster.o
LOAD ./src/SerialPort.o
LOAD ./src/cr_cpp_config.o
LOAD ./src/cr_startup_lpc15xx.o
LOAD ./src/crp.o
LOAD ./src/retarget_itm.o
LOAD ./src/sysinit.o
LOAD ./src/uart_test.o
LOAD C:\Users\Nick\Documents\LPCXpresso_8.2.2_650\workspace\lpc_board_nxp_lpcxpresso_1549\Debug\liblpc_board_nxp_lpcxpresso_1549.a
LOAD C:\Users\Nick\Documents\LPCXpresso_8.2.2_650\workspace\lpc_chip_15xx\Debug\liblpc_chip_15xx.a
START GROUP
LOAD c:/nxp/lpcxpresso_8.2.2_650/lpcxpresso/tools/bin/../lib/gcc/arm-none-eabi/5.4.1/armv7-m\libgcc.a
LOAD c:/nxp/lpcxpresso_8.2.2_650/lpcxpresso/tools/bin/../lib/gcc/arm-none-eabi/5.4.1/../../../../arm-none-eabi/lib/armv7-m\libc.a
LOAD c:/nxp/lpcxpresso_8.2.2_650/lpcxpresso/tools/bin/../lib/gcc/arm-none-eabi/5.4.1/../../../../arm-none-eabi/lib/armv7-m\libstdc++.a
LOAD c:/nxp/lpcxpresso_8.2.2_650/lpcxpresso/tools/bin/../lib/gcc/arm-none-eabi/5.4.1/../../../../arm-none-eabi/lib/armv7-m\libm.a
LOAD c:/nxp/lpcxpresso_8.2.2_650/lpcxpresso/tools/bin/../lib/gcc/arm-none-eabi/5.4.1/../../../../arm-none-eabi/lib/armv7-m\libcr_newlib_nohost.a
LOAD c:/nxp/lpcxpresso_8.2.2_650/lpcxpresso/tools/bin/../lib/gcc/arm-none-eabi/5.4.1/armv7-m\crti.o
LOAD c:/nxp/lpcxpresso_8.2.2_650/lpcxpresso/tools/bin/../lib/gcc/arm-none-eabi/5.4.1/armv7-m\crtn.o
LOAD c:/nxp/lpcxpresso_8.2.2_650/lpcxpresso/tools/bin/../lib/gcc/arm-none-eabi/5.4.1/armv7-m\crtbegin.o
LOAD c:/nxp/lpcxpresso_8.2.2_650/lpcxpresso/tools/bin/../lib/gcc/arm-none-eabi/5.4.1/armv7-m\crtend.o
END GROUP
                0x00000000                __base_MFlash256 = 0x0
                0x00000000                __base_Flash = 0x0
                0x00040000                __top_MFlash256 = 0x40000
                0x00040000                __top_Flash = 0x40000
                0x02000000                __base_Ram0_16 = 0x2000000
                0x02000000                __base_RAM = 0x2000000
                0x02004000                __top_Ram0_16 = 0x2004000
                0x02004000                __top_RAM = 0x2004000
                0x02004000                __base_Ram1_16 = 0x2004000
                0x02004000                __base_RAM2 = 0x2004000
                0x02008000                __top_Ram1_16 = 0x2008000
                0x02008000                __top_RAM2 = 0x2008000
                0x02008000                __base_Ram2_4 = 0x2008000
                0x02008000                __base_RAM3 = 0x2008000
                0x02009000                __top_Ram2_4 = 0x2009000
                0x02009000                __top_RAM3 = 0x2009000

.text           0x00000000     0x9548
 FILL mask 0xff
                0x00000000                __vectors_start__ = ABSOLUTE (.)
 *(.isr_vector)
 .isr_vector    0x00000000       0xfc ./src/cr_startup_lpc15xx.o
                0x00000000                g_pfnVectors
                0x000000fc                . = ALIGN (0x4)
                0x000000fc                __section_table_start = .
                0x000000fc                __data_section_table = .
                0x000000fc        0x4 LONG 0x9550 LOADADDR (.data)
                0x00000100        0x4 LONG 0x2000000 ADDR (.data)
                0x00000104        0x4 LONG 0x8ac SIZEOF (.data)
                0x00000108        0x4 LONG 0x9550 LOADADDR (.data_RAM2)
                0x0000010c        0x4 LONG 0x2004000 ADDR (.data_RAM2)
                0x00000110        0x4 LONG 0x0 SIZEOF (.data_RAM2)
                0x00000114        0x4 LONG 0x9550 LOADADDR (.data_RAM3)
                0x00000118        0x4 LONG 0x2008000 ADDR (.data_RAM3)
                0x0000011c        0x4 LONG 0x0 SIZEOF (.data_RAM3)
                0x00000120                __data_section_table_end = .
                0x00000120                __bss_section_table = .
                0x00000120        0x4 LONG 0x20008ac ADDR (.bss)
                0x00000124        0x4 LONG 0x6c SIZEOF (.bss)
                0x00000128        0x4 LONG 0x2004000 ADDR (.bss_RAM2)
                0x0000012c        0x4 LONG 0x0 SIZEOF (.bss_RAM2)
                0x00000130        0x4 LONG 0x2008000 ADDR (.bss_RAM3)
                0x00000134        0x4 LONG 0x0 SIZEOF (.bss_RAM3)
                0x00000138                __bss_section_table_end = .
                0x00000138                __section_table_end = .
 *(.after_vectors*)
 .after_vectors
                0x00000138      0x158 ./src/cr_startup_lpc15xx.o
                0x00000138                data_init(unsigned int, unsigned int, unsigned int)
                0x0000017c                bss_init(unsigned int, unsigned int)
                0x000001b4                ResetISR
                0x00000240                NMI_Handler
                0x00000248                HardFault_Handler
                0x00000250                MemManage_Handler
                0x00000258                BusFault_Handler
                0x00000260                UsageFault_Handler
                0x00000268                SVC_Handler
                0x00000270                DebugMon_Handler
                0x00000278                PendSV_Handler
                0x00000288                RTC_WAKE_IRQHandler
                0x00000288                UART0_IRQHandler
                0x00000288                ADC1_THCMP_IRQHandler
                0x00000288                SPI1_IRQHandler
                0x00000288                PIN_INT6_IRQHandler
                0x00000288                IntDefaultHandler
                0x00000288                PIN_INT4_IRQHandler
                0x00000288                CAN_IRQHandler
                0x00000288                RTC_ALARM_IRQHandler
                0x00000288                ADC1B_IRQHandler
                0x00000288                ADC1_OVR_IRQHandler
                0x00000288                MRT_IRQHandler
                0x00000288                UART2_IRQHandler
                0x00000288                ADC0_OVR_IRQHandler
                0x00000288                SCT1_IRQHandler
                0x00000288                PIN_INT2_IRQHandler
                0x00000288                USB_FIQHandler
                0x00000288                SCT3_IRQHandler
                0x00000288                PIN_INT7_IRQHandler
                0x00000288                I2C0_IRQHandler
                0x00000288                PIN_INT1_IRQHandler
                0x00000288                USB_IRQHandler
                0x00000288                BOD_IRQHandler
                0x00000288                ADC0B_IRQHandler
                0x00000288                ACMP0_IRQHandler
                0x00000288                RIT_IRQHandler
                0x00000288                USBWakeup_IRQHandler
                0x00000288                WDT_IRQHandler
                0x00000288                SCT2_IRQHandler
                0x00000288                PIN_INT0_IRQHandler
                0x00000288                QEI_IRQHandler
                0x00000288                ACMP3_IRQHandler
                0x00000288                GINT0_IRQHandler
                0x00000288                DAC_IRQHandler
                0x00000288                SPI0_IRQHandler
                0x00000288                EEPROM_IRQHandler
                0x00000288                ACMP2_IRQHandler
                0x00000288                PIN_INT5_IRQHandler
                0x00000288                ADC1A_IRQHandler
                0x00000288                DMA_IRQHandler
                0x00000288                PIN_INT3_IRQHandler
                0x00000288                ACMP1_IRQHandler
                0x00000288                SCT0_IRQHandler
                0x00000288                ADC0A_IRQHandler
                0x00000288                FMC_IRQHandler
                0x00000288                GINT1_IRQHandler
                0x00000288                ADC0_THCMP_IRQHandler
 *(.text*)
 .text.Chip_IOCON_PinMuxSet
                0x00000290       0x2c ./src/I2C.o
 .text.Chip_I2C_SetClockDiv
                0x000002bc       0x34 ./src/I2C.o
 .text.Chip_I2CM_Enable
                0x000002f0       0x24 ./src/I2C.o
 .text._ZN3I2CC2Eim
                0x00000314       0x84 ./src/I2C.o
                0x00000314                I2C::I2C(int, unsigned long)
                0x00000314                I2C::I2C(int, unsigned long)
 .text._ZN3I2CD2Ev
                0x00000398       0x28 ./src/I2C.o
                0x00000398                I2C::~I2C()
                0x00000398                I2C::~I2C()
 .text._ZN3I2CD0Ev
                0x000003c0       0x20 ./src/I2C.o
                0x000003c0                I2C::~I2C()
 .text._ZN3I2C11transactionEhPhtS0_t
                0x000003e0       0x50 ./src/I2C.o
                0x000003e0                I2C::transaction(unsigned char, unsigned char*, unsigned short, unsigned char*, unsigned short)
 .text._ZL4wordhh
                0x00000430       0x2c ./src/ModbusMaster.o
 .text._ZL8highBytet
                0x0000045c       0x1c ./src/ModbusMaster.o
 .text._ZL7lowBytet
                0x00000478       0x1c ./src/ModbusMaster.o
 .text._ZL7bitReadhh
                0x00000494       0x2c ./src/ModbusMaster.o
 .text._ZL12crc16_updateth
                0x000004c0       0x5c ./src/ModbusMaster.o
 .text._ZN12ModbusMasterC2Eh
                0x0000051c       0x2c ./src/ModbusMaster.o
                0x0000051c                ModbusMaster::ModbusMaster(unsigned char)
                0x0000051c                ModbusMaster::ModbusMaster(unsigned char)
 .text._ZN12ModbusMaster5beginEt
                0x00000548       0x60 ./src/ModbusMaster.o
                0x00000548                ModbusMaster::begin(unsigned short)
 .text._ZN12ModbusMaster17getResponseBufferEh
                0x000005a8       0x2c ./src/ModbusMaster.o
                0x000005a8                ModbusMaster::getResponseBuffer(unsigned char)
 .text._ZN12ModbusMaster20readHoldingRegistersEtt
                0x000005d4       0x30 ./src/ModbusMaster.o
                0x000005d4                ModbusMaster::readHoldingRegisters(unsigned short, unsigned short)
 .text._ZN12ModbusMaster19writeSingleRegisterEtt
                0x00000604       0x3c ./src/ModbusMaster.o
                0x00000604                ModbusMaster::writeSingleRegister(unsigned short, unsigned short)
 .text._ZN12ModbusMaster23ModbusMasterTransactionEh
                0x00000640      0xa28 ./src/ModbusMaster.o
                0x00000640                ModbusMaster::ModbusMasterTransaction(unsigned char)
 .text.NVIC_EnableIRQ
                0x00001068       0x30 ./src/SerialPort.o
 .text.NVIC_DisableIRQ
                0x00001098       0x34 ./src/SerialPort.o
 .text.Chip_IOCON_PinMuxSet
                0x000010cc       0x2c ./src/SerialPort.o
 .text.Chip_SWM_MovablePortPinAssign
                0x000010f8       0x30 ./src/SerialPort.o
 .text.RingBuffer_GetCount
                0x00001128       0x20 ./src/SerialPort.o
 .text.Chip_UART_Enable
                0x00001148       0x20 ./src/SerialPort.o
 .text.Chip_UART_TXEnable
                0x00001168       0x20 ./src/SerialPort.o
 .text.Chip_UART_IntEnable
                0x00001188       0x1c ./src/SerialPort.o
 .text.Chip_UART_IntDisable
                0x000011a4       0x1c ./src/SerialPort.o
 .text.Chip_UART_ConfigData
                0x000011c0       0x28 ./src/SerialPort.o
 .text.UART1_IRQHandler
                0x000011e8       0x24 ./src/SerialPort.o
                0x000011e8                UART1_IRQHandler
 .text._ZN10SerialPortC2Ev
                0x0000120c      0x104 ./src/SerialPort.o
                0x0000120c                SerialPort::SerialPort()
                0x0000120c                SerialPort::SerialPort()
 .text._ZN10SerialPortD2Ev
                0x00001310       0x38 ./src/SerialPort.o
                0x00001310                SerialPort::~SerialPort()
                0x00001310                SerialPort::~SerialPort()
 .text._ZN10SerialPortD0Ev
                0x00001348       0x20 ./src/SerialPort.o
                0x00001348                SerialPort::~SerialPort()
 .text._ZN10SerialPort9availableEv
                0x00001368       0x1c ./src/SerialPort.o
                0x00001368                SerialPort::available()
 .text._ZN10SerialPort5beginEi
                0x00001384       0x20 ./src/SerialPort.o
                0x00001384                SerialPort::begin(int)
 .text._ZN10SerialPort4readEv
                0x000013a4       0x38 ./src/SerialPort.o
                0x000013a4                SerialPort::read()
 .text._ZN10SerialPort5writeEPKci
                0x000013dc       0x28 ./src/SerialPort.o
                0x000013dc                SerialPort::write(char const*, int)
 .text._ZN10SerialPort5flushEv
                0x00001404       0x30 ./src/SerialPort.o
                0x00001404                SerialPort::flush()
 .text._Znwj    0x00001434       0x18 ./src/cr_cpp_config.o
                0x00001434                operator new(unsigned int)
 .text._ZdlPv   0x0000144c       0x18 ./src/cr_cpp_config.o
                0x0000144c                operator delete(void*)
 .text._write   0x00001464       0x7c ./src/retarget_itm.o
                0x00001464                _write
 .text._read    0x000014e0       0xb4 ./src/retarget_itm.o
                0x000014e0                _read
 .text.SystemInit
                0x00001594        0xc ./src/sysinit.o
                0x00001594                SystemInit
 .text.NVIC_SetPriority
                0x000015a0       0x54 ./src/uart_test.o
 .text.SysTick_Config
                0x000015f4       0x44 ./src/uart_test.o
 .text.Chip_IOCON_PinMuxSet
                0x00001638       0x2c ./src/uart_test.o
 .text.Chip_SWM_MovablePortPinAssign
                0x00001664       0x30 ./src/uart_test.o
 .text.Chip_GPIO_GetPinState
                0x00001694       0x34 ./src/uart_test.o
 .text.Chip_GPIO_SetPinDIROutput
                0x000016c8       0x3c ./src/uart_test.o
 .text.Chip_GPIO_SetPinDIRInput
                0x00001704       0x40 ./src/uart_test.o
 .text._ZN12DigitalIoPinC2Eiibbb
                0x00001744       0x80 ./src/uart_test.o
                0x00001744                DigitalIoPin::DigitalIoPin(int, int, bool, bool, bool)
                0x00001744                DigitalIoPin::DigitalIoPin(int, int, bool, bool, bool)
 .text._ZN12DigitalIoPinD2Ev
                0x000017c4       0x28 ./src/uart_test.o
                0x000017c4                DigitalIoPin::~DigitalIoPin()
                0x000017c4                DigitalIoPin::~DigitalIoPin()
 .text._ZN12DigitalIoPinD0Ev
                0x000017ec       0x20 ./src/uart_test.o
                0x000017ec                DigitalIoPin::~DigitalIoPin()
 .text._ZN12DigitalIoPin4readEv
                0x0000180c       0x34 ./src/uart_test.o
                0x0000180c                DigitalIoPin::read()
 .text.SysTick_Handler
                0x00001840       0x3c ./src/uart_test.o
                0x00001840                SysTick_Handler
 .text._Z5Sleepi
                0x0000187c       0x34 ./src/uart_test.o
                0x0000187c                Sleep(int)
 .text._Z6millisv
                0x000018b0       0x14 ./src/uart_test.o
                0x000018b0                millis()
 .text._Z13printRegisterR12ModbusMastert
                0x000018c4       0x54 ./src/uart_test.o
                0x000018c4                printRegister(ModbusMaster&, unsigned short)
 .text._Z12setFrequencyR12ModbusMastert
                0x00001918       0x9c ./src/uart_test.o
                0x00001918                setFrequency(ModbusMaster&, unsigned short)
 .text.main     0x000019b4      0x628 ./src/uart_test.o
                0x000019b4                main
 .text.Chip_IOCON_PinMuxSet
                0x00001fdc       0x2c C:\Users\Nick\Documents\LPCXpresso_8.2.2_650\workspace\lpc_board_nxp_lpcxpresso_1549\Debug\liblpc_board_nxp_lpcxpresso_1549.a(board.o)
 .text.Chip_SWM_MovablePortPinAssign
                0x00002008       0x30 C:\Users\Nick\Documents\LPCXpresso_8.2.2_650\workspace\lpc_board_nxp_lpcxpresso_1549\Debug\liblpc_board_nxp_lpcxpresso_1549.a(board.o)
 .text.Chip_GPIO_SetPinState
                0x00002038       0x38 C:\Users\Nick\Documents\LPCXpresso_8.2.2_650\workspace\lpc_board_nxp_lpcxpresso_1549\Debug\liblpc_board_nxp_lpcxpresso_1549.a(board.o)
 .text.Chip_GPIO_SetPinDIROutput
                0x00002070       0x3c C:\Users\Nick\Documents\LPCXpresso_8.2.2_650\workspace\lpc_board_nxp_lpcxpresso_1549\Debug\liblpc_board_nxp_lpcxpresso_1549.a(board.o)
 .text.Chip_UART_Enable
                0x000020ac       0x20 C:\Users\Nick\Documents\LPCXpresso_8.2.2_650\workspace\lpc_board_nxp_lpcxpresso_1549\Debug\liblpc_board_nxp_lpcxpresso_1549.a(board.o)
 .text.Chip_UART_TXEnable
                0x000020cc       0x20 C:\Users\Nick\Documents\LPCXpresso_8.2.2_650\workspace\lpc_board_nxp_lpcxpresso_1549\Debug\liblpc_board_nxp_lpcxpresso_1549.a(board.o)
 .text.Chip_UART_ConfigData
                0x000020ec       0x28 C:\Users\Nick\Documents\LPCXpresso_8.2.2_650\workspace\lpc_board_nxp_lpcxpresso_1549\Debug\liblpc_board_nxp_lpcxpresso_1549.a(board.o)
 .text.Board_Debug_Init
                0x00002114       0x70 C:\Users\Nick\Documents\LPCXpresso_8.2.2_650\workspace\lpc_board_nxp_lpcxpresso_1549\Debug\liblpc_board_nxp_lpcxpresso_1549.a(board.o)
                0x00002114                Board_Debug_Init
 .text.Board_LED_Init
                0x00002184       0x5c C:\Users\Nick\Documents\LPCXpresso_8.2.2_650\workspace\lpc_board_nxp_lpcxpresso_1549\Debug\liblpc_board_nxp_lpcxpresso_1549.a(board.o)
 .text.Board_LED_Set
                0x000021e0       0x54 C:\Users\Nick\Documents\LPCXpresso_8.2.2_650\workspace\lpc_board_nxp_lpcxpresso_1549\Debug\liblpc_board_nxp_lpcxpresso_1549.a(board.o)
                0x000021e0                Board_LED_Set
 .text.Board_Init
                0x00002234       0x18 C:\Users\Nick\Documents\LPCXpresso_8.2.2_650\workspace\lpc_board_nxp_lpcxpresso_1549\Debug\liblpc_board_nxp_lpcxpresso_1549.a(board.o)
                0x00002234                Board_Init
 .text.Chip_SYSCTL_PeriphReset
                0x0000224c       0x24 C:\Users\Nick\Documents\LPCXpresso_8.2.2_650\workspace\lpc_board_nxp_lpcxpresso_1549\Debug\liblpc_board_nxp_lpcxpresso_1549.a(board_sysinit.o)
 .text.Chip_Clock_SetUSBPLLSource
                0x00002270       0x20 C:\Users\Nick\Documents\LPCXpresso_8.2.2_650\workspace\lpc_board_nxp_lpcxpresso_1549\Debug\liblpc_board_nxp_lpcxpresso_1549.a(board_sysinit.o)
 .text.Chip_Clock_SetupUSBPLL
                0x00002290       0x34 C:\Users\Nick\Documents\LPCXpresso_8.2.2_650\workspace\lpc_board_nxp_lpcxpresso_1549\Debug\liblpc_board_nxp_lpcxpresso_1549.a(board_sysinit.o)
 .text.Chip_Clock_IsUSBPLLLocked
                0x000022c4       0x24 C:\Users\Nick\Documents\LPCXpresso_8.2.2_650\workspace\lpc_board_nxp_lpcxpresso_1549\Debug\liblpc_board_nxp_lpcxpresso_1549.a(board_sysinit.o)
 .text.Chip_Clock_SetSysTickClockDiv
                0x000022e8       0x20 C:\Users\Nick\Documents\LPCXpresso_8.2.2_650\workspace\lpc_board_nxp_lpcxpresso_1549\Debug\liblpc_board_nxp_lpcxpresso_1549.a(board_sysinit.o)
 .text.Chip_SWM_MovablePortPinAssign
                0x00002308       0x30 C:\Users\Nick\Documents\LPCXpresso_8.2.2_650\workspace\lpc_board_nxp_lpcxpresso_1549\Debug\liblpc_board_nxp_lpcxpresso_1549.a(board_sysinit.o)
 .text.Board_SetupMuxing
                0x00002338       0x80 C:\Users\Nick\Documents\LPCXpresso_8.2.2_650\workspace\lpc_board_nxp_lpcxpresso_1549\Debug\liblpc_board_nxp_lpcxpresso_1549.a(board_sysinit.o)
                0x00002338                Board_SetupMuxing
 .text.Board_SetupClocking
                0x000023b8       0x3c C:\Users\Nick\Documents\LPCXpresso_8.2.2_650\workspace\lpc_board_nxp_lpcxpresso_1549\Debug\liblpc_board_nxp_lpcxpresso_1549.a(board_sysinit.o)
                0x000023b8                Board_SetupClocking
 .text.Board_SystemInit
                0x000023f4       0x1c C:\Users\Nick\Documents\LPCXpresso_8.2.2_650\workspace\lpc_board_nxp_lpcxpresso_1549\Debug\liblpc_board_nxp_lpcxpresso_1549.a(board_sysinit.o)
                0x000023f4                Board_SystemInit
 .text.SystemCoreClockUpdate
                0x00002410       0x18 C:\Users\Nick\Documents\LPCXpresso_8.2.2_650\workspace\lpc_chip_15xx\Debug\liblpc_chip_15xx.a(chip_15xx.o)
                0x00002410                SystemCoreClockUpdate
 .text.Chip_Clock_SetMain_A_ClockSource
                0x00002428       0x20 C:\Users\Nick\Documents\LPCXpresso_8.2.2_650\workspace\lpc_chip_15xx\Debug\liblpc_chip_15xx.a(clock_15xx.o)
 .text.Chip_Clock_GetMain_A_ClockSource
                0x00002448       0x18 C:\Users\Nick\Documents\LPCXpresso_8.2.2_650\workspace\lpc_chip_15xx\Debug\liblpc_chip_15xx.a(clock_15xx.o)
 .text.Chip_Clock_SetMain_B_ClockSource
                0x00002460       0x20 C:\Users\Nick\Documents\LPCXpresso_8.2.2_650\workspace\lpc_chip_15xx\Debug\liblpc_chip_15xx.a(clock_15xx.o)
 .text.Chip_Clock_GetMain_B_ClockSource
                0x00002480       0x18 C:\Users\Nick\Documents\LPCXpresso_8.2.2_650\workspace\lpc_chip_15xx\Debug\liblpc_chip_15xx.a(clock_15xx.o)
 .text.Chip_Clock_SetUARTFRGDivider
                0x00002498       0x20 C:\Users\Nick\Documents\LPCXpresso_8.2.2_650\workspace\lpc_chip_15xx\Debug\liblpc_chip_15xx.a(clock_15xx.o)
 .text.Chip_Clock_GetUARTFRGDivider
                0x000024b8       0x18 C:\Users\Nick\Documents\LPCXpresso_8.2.2_650\workspace\lpc_chip_15xx\Debug\liblpc_chip_15xx.a(clock_15xx.o)
 .text.Chip_Clock_GetMainOscRate
                0x000024d0       0x14 C:\Users\Nick\Documents\LPCXpresso_8.2.2_650\workspace\lpc_chip_15xx\Debug\liblpc_chip_15xx.a(clock_15xx.o)
 .text.Chip_Clock_GetIntOscRate
                0x000024e4       0x14 C:\Users\Nick\Documents\LPCXpresso_8.2.2_650\workspace\lpc_chip_15xx\Debug\liblpc_chip_15xx.a(clock_15xx.o)
 .text.Chip_Clock_GetRTCOscRate
                0x000024f8       0x14 C:\Users\Nick\Documents\LPCXpresso_8.2.2_650\workspace\lpc_chip_15xx\Debug\liblpc_chip_15xx.a(clock_15xx.o)
 .text.Chip_Clock_GetWDTOSCRate
                0x0000250c       0x14 C:\Users\Nick\Documents\LPCXpresso_8.2.2_650\workspace\lpc_chip_15xx\Debug\liblpc_chip_15xx.a(clock_15xx.o)
 .text.Chip_Clock_GetPLLFreq
                0x00002520       0x28 C:\Users\Nick\Documents\LPCXpresso_8.2.2_650\workspace\lpc_chip_15xx\Debug\liblpc_chip_15xx.a(clock_15xx.o)
 .text.Chip_Clock_GetPLLInClockRate
                0x00002548       0x38 C:\Users\Nick\Documents\LPCXpresso_8.2.2_650\workspace\lpc_chip_15xx\Debug\liblpc_chip_15xx.a(clock_15xx.o)
 .text.Chip_Clock_GetSystemPLLInClockRate
                0x00002580       0x1c C:\Users\Nick\Documents\LPCXpresso_8.2.2_650\workspace\lpc_chip_15xx\Debug\liblpc_chip_15xx.a(clock_15xx.o)
                0x00002580                Chip_Clock_GetSystemPLLInClockRate
 .text.Chip_Clock_GetSystemPLLOutClockRate
                0x0000259c       0x24 C:\Users\Nick\Documents\LPCXpresso_8.2.2_650\workspace\lpc_chip_15xx\Debug\liblpc_chip_15xx.a(clock_15xx.o)
                0x0000259c                Chip_Clock_GetSystemPLLOutClockRate
 .text.Chip_Clock_GetMain_A_ClockRate
                0x000025c0       0x44 C:\Users\Nick\Documents\LPCXpresso_8.2.2_650\workspace\lpc_chip_15xx\Debug\liblpc_chip_15xx.a(clock_15xx.o)
                0x000025c0                Chip_Clock_GetMain_A_ClockRate
 .text.Chip_Clock_GetMain_B_ClockRate
                0x00002604       0x58 C:\Users\Nick\Documents\LPCXpresso_8.2.2_650\workspace\lpc_chip_15xx\Debug\liblpc_chip_15xx.a(clock_15xx.o)
                0x00002604                Chip_Clock_GetMain_B_ClockRate
 .text.Chip_Clock_SetMainClockSource
                0x0000265c       0x3c C:\Users\Nick\Documents\LPCXpresso_8.2.2_650\workspace\lpc_chip_15xx\Debug\liblpc_chip_15xx.a(clock_15xx.o)
                0x0000265c                Chip_Clock_SetMainClockSource
 .text.Chip_Clock_GetMainClockRate
                0x00002698       0x28 C:\Users\Nick\Documents\LPCXpresso_8.2.2_650\workspace\lpc_chip_15xx\Debug\liblpc_chip_15xx.a(clock_15xx.o)
                0x00002698                Chip_Clock_GetMainClockRate
 .text.Chip_Clock_EnablePeriphClock
                0x000026c0       0x54 C:\Users\Nick\Documents\LPCXpresso_8.2.2_650\workspace\lpc_chip_15xx\Debug\liblpc_chip_15xx.a(clock_15xx.o)
                0x000026c0                Chip_Clock_EnablePeriphClock
 .text.Chip_Clock_DisablePeriphClock
                0x00002714       0x58 C:\Users\Nick\Documents\LPCXpresso_8.2.2_650\workspace\lpc_chip_15xx\Debug\liblpc_chip_15xx.a(clock_15xx.o)
                0x00002714                Chip_Clock_DisablePeriphClock
 .text.Chip_Clock_GetUARTBaseClockRate
                0x0000276c       0x88 C:\Users\Nick\Documents\LPCXpresso_8.2.2_650\workspace\lpc_chip_15xx\Debug\liblpc_chip_15xx.a(clock_15xx.o)
                0x0000276c                Chip_Clock_GetUARTBaseClockRate
 .text.Chip_Clock_SetUARTBaseClockRate
                0x000027f4       0xa0 C:\Users\Nick\Documents\LPCXpresso_8.2.2_650\workspace\lpc_chip_15xx\Debug\liblpc_chip_15xx.a(clock_15xx.o)
                0x000027f4                Chip_Clock_SetUARTBaseClockRate
 .text.Chip_Clock_GetSystemClockRate
                0x00002894       0x1c C:\Users\Nick\Documents\LPCXpresso_8.2.2_650\workspace\lpc_chip_15xx\Debug\liblpc_chip_15xx.a(clock_15xx.o)
                0x00002894                Chip_Clock_GetSystemClockRate
 .text.Chip_SYSCTL_PeriphReset
                0x000028b0       0x24 C:\Users\Nick\Documents\LPCXpresso_8.2.2_650\workspace\lpc_chip_15xx\Debug\liblpc_chip_15xx.a(gpio_15xx.o)
 .text.Chip_GPIO_Init
                0x000028d4       0x30 C:\Users\Nick\Documents\LPCXpresso_8.2.2_650\workspace\lpc_chip_15xx\Debug\liblpc_chip_15xx.a(gpio_15xx.o)
                0x000028d4                Chip_GPIO_Init
 .text.Chip_SYSCTL_PeriphReset
                0x00002904       0x24 C:\Users\Nick\Documents\LPCXpresso_8.2.2_650\workspace\lpc_chip_15xx\Debug\liblpc_chip_15xx.a(i2c_common_15xx.o)
 .text.Chip_I2C_Init
                0x00002928       0x1c C:\Users\Nick\Documents\LPCXpresso_8.2.2_650\workspace\lpc_chip_15xx\Debug\liblpc_chip_15xx.a(i2c_common_15xx.o)
                0x00002928                Chip_I2C_Init
 .text.Chip_I2C_GetClockDiv
                0x00002944       0x1c C:\Users\Nick\Documents\LPCXpresso_8.2.2_650\workspace\lpc_chip_15xx\Debug\liblpc_chip_15xx.a(i2cm_15xx.o)
 .text.Chip_I2CM_SetDutyCycle
                0x00002960       0x34 C:\Users\Nick\Documents\LPCXpresso_8.2.2_650\workspace\lpc_chip_15xx\Debug\liblpc_chip_15xx.a(i2cm_15xx.o)
 .text.Chip_I2CM_GetStatus
                0x00002994       0x18 C:\Users\Nick\Documents\LPCXpresso_8.2.2_650\workspace\lpc_chip_15xx\Debug\liblpc_chip_15xx.a(i2cm_15xx.o)
 .text.Chip_I2CM_ClearStatus
                0x000029ac       0x20 C:\Users\Nick\Documents\LPCXpresso_8.2.2_650\workspace\lpc_chip_15xx\Debug\liblpc_chip_15xx.a(i2cm_15xx.o)
 .text.Chip_I2CM_IsMasterPending
                0x000029cc       0x24 C:\Users\Nick\Documents\LPCXpresso_8.2.2_650\workspace\lpc_chip_15xx\Debug\liblpc_chip_15xx.a(i2cm_15xx.o)
 .text.Chip_I2CM_GetMasterState
                0x000029f0       0x1c C:\Users\Nick\Documents\LPCXpresso_8.2.2_650\workspace\lpc_chip_15xx\Debug\liblpc_chip_15xx.a(i2cm_15xx.o)
 .text.Chip_I2CM_SendStart
                0x00002a0c       0x18 C:\Users\Nick\Documents\LPCXpresso_8.2.2_650\workspace\lpc_chip_15xx\Debug\liblpc_chip_15xx.a(i2cm_15xx.o)
 .text.Chip_I2CM_SendStop
                0x00002a24       0x18 C:\Users\Nick\Documents\LPCXpresso_8.2.2_650\workspace\lpc_chip_15xx\Debug\liblpc_chip_15xx.a(i2cm_15xx.o)
 .text.Chip_I2CM_MasterContinue
                0x00002a3c       0x18 C:\Users\Nick\Documents\LPCXpresso_8.2.2_650\workspace\lpc_chip_15xx\Debug\liblpc_chip_15xx.a(i2cm_15xx.o)
 .text.Chip_I2CM_WriteByte
                0x00002a54       0x1c C:\Users\Nick\Documents\LPCXpresso_8.2.2_650\workspace\lpc_chip_15xx\Debug\liblpc_chip_15xx.a(i2cm_15xx.o)
 .text.Chip_I2CM_SetBusSpeed
                0x00002a70       0x48 C:\Users\Nick\Documents\LPCXpresso_8.2.2_650\workspace\lpc_chip_15xx\Debug\liblpc_chip_15xx.a(i2cm_15xx.o)
                0x00002a70                Chip_I2CM_SetBusSpeed
 .text.Chip_I2CM_XferHandler
                0x00002ab8      0x160 C:\Users\Nick\Documents\LPCXpresso_8.2.2_650\workspace\lpc_chip_15xx\Debug\liblpc_chip_15xx.a(i2cm_15xx.o)
                0x00002ab8                Chip_I2CM_XferHandler
 .text.Chip_I2CM_Xfer
                0x00002c18       0x4c C:\Users\Nick\Documents\LPCXpresso_8.2.2_650\workspace\lpc_chip_15xx\Debug\liblpc_chip_15xx.a(i2cm_15xx.o)
                0x00002c18                Chip_I2CM_Xfer
 .text.Chip_I2CM_XferBlocking
                0x00002c64       0x48 C:\Users\Nick\Documents\LPCXpresso_8.2.2_650\workspace\lpc_chip_15xx\Debug\liblpc_chip_15xx.a(i2cm_15xx.o)
                0x00002c64                Chip_I2CM_XferBlocking
 .text.Chip_IOCON_PinMuxSet
                0x00002cac       0x2c C:\Users\Nick\Documents\LPCXpresso_8.2.2_650\workspace\lpc_chip_15xx\Debug\liblpc_chip_15xx.a(iocon_15xx.o)
 .text.Chip_IOCON_SetPinMuxing
                0x00002cd8       0x50 C:\Users\Nick\Documents\LPCXpresso_8.2.2_650\workspace\lpc_chip_15xx\Debug\liblpc_chip_15xx.a(iocon_15xx.o)
                0x00002cd8                Chip_IOCON_SetPinMuxing
 .text.RingBuffer_GetCount
                0x00002d28       0x20 C:\Users\Nick\Documents\LPCXpresso_8.2.2_650\workspace\lpc_chip_15xx\Debug\liblpc_chip_15xx.a(ring_buffer.o)
 .text.RingBuffer_GetFree
                0x00002d48       0x20 C:\Users\Nick\Documents\LPCXpresso_8.2.2_650\workspace\lpc_chip_15xx\Debug\liblpc_chip_15xx.a(ring_buffer.o)
 .text.RingBuffer_IsFull
                0x00002d68       0x28 C:\Users\Nick\Documents\LPCXpresso_8.2.2_650\workspace\lpc_chip_15xx\Debug\liblpc_chip_15xx.a(ring_buffer.o)
 .text.RingBuffer_IsEmpty
                0x00002d90       0x28 C:\Users\Nick\Documents\LPCXpresso_8.2.2_650\workspace\lpc_chip_15xx\Debug\liblpc_chip_15xx.a(ring_buffer.o)
 .text.RingBuffer_Init
                0x00002db8       0x3c C:\Users\Nick\Documents\LPCXpresso_8.2.2_650\workspace\lpc_chip_15xx\Debug\liblpc_chip_15xx.a(ring_buffer.o)
                0x00002db8                RingBuffer_Init
 .text.RingBuffer_Insert
                0x00002df4       0x5c C:\Users\Nick\Documents\LPCXpresso_8.2.2_650\workspace\lpc_chip_15xx\Debug\liblpc_chip_15xx.a(ring_buffer.o)
                0x00002df4                RingBuffer_Insert
 .text.RingBuffer_InsertMult
                0x00002e50      0x124 C:\Users\Nick\Documents\LPCXpresso_8.2.2_650\workspace\lpc_chip_15xx\Debug\liblpc_chip_15xx.a(ring_buffer.o)
                0x00002e50                RingBuffer_InsertMult
 .text.RingBuffer_Pop
                0x00002f74       0x5c C:\Users\Nick\Documents\LPCXpresso_8.2.2_650\workspace\lpc_chip_15xx\Debug\liblpc_chip_15xx.a(ring_buffer.o)
                0x00002f74                RingBuffer_Pop
 .text.RingBuffer_PopMult
                0x00002fd0      0x124 C:\Users\Nick\Documents\LPCXpresso_8.2.2_650\workspace\lpc_chip_15xx\Debug\liblpc_chip_15xx.a(ring_buffer.o)
                0x00002fd0                RingBuffer_PopMult
 .text.Chip_SWM_MovablePinAssign
                0x000030f4       0x5c C:\Users\Nick\Documents\LPCXpresso_8.2.2_650\workspace\lpc_chip_15xx\Debug\liblpc_chip_15xx.a(swm_15xx.o)
                0x000030f4                Chip_SWM_MovablePinAssign
 .text.Chip_SWM_EnableFixedPin
                0x00003150       0x48 C:\Users\Nick\Documents\LPCXpresso_8.2.2_650\workspace\lpc_chip_15xx\Debug\liblpc_chip_15xx.a(swm_15xx.o)
                0x00003150                Chip_SWM_EnableFixedPin
 .text.Chip_SYSCTL_AssertPeriphReset
                0x00003198       0x48 C:\Users\Nick\Documents\LPCXpresso_8.2.2_650\workspace\lpc_chip_15xx\Debug\liblpc_chip_15xx.a(sysctl_15xx.o)
                0x00003198                Chip_SYSCTL_AssertPeriphReset
 .text.Chip_SYSCTL_DeassertPeriphReset
                0x000031e0       0x4c C:\Users\Nick\Documents\LPCXpresso_8.2.2_650\workspace\lpc_chip_15xx\Debug\liblpc_chip_15xx.a(sysctl_15xx.o)
                0x000031e0                Chip_SYSCTL_DeassertPeriphReset
 .text.Chip_SYSCTL_PowerDown
                0x0000322c       0x40 C:\Users\Nick\Documents\LPCXpresso_8.2.2_650\workspace\lpc_chip_15xx\Debug\liblpc_chip_15xx.a(sysctl_15xx.o)
                0x0000322c                Chip_SYSCTL_PowerDown
 .text.Chip_SYSCTL_PowerUp
                0x0000326c       0x40 C:\Users\Nick\Documents\LPCXpresso_8.2.2_650\workspace\lpc_chip_15xx\Debug\liblpc_chip_15xx.a(sysctl_15xx.o)
                0x0000326c                Chip_SYSCTL_PowerUp
 .text.Chip_FMC_SetFLASHAccess
                0x000032ac       0x38 C:\Users\Nick\Documents\LPCXpresso_8.2.2_650\workspace\lpc_chip_15xx\Debug\liblpc_chip_15xx.a(sysinit_15xx.o)
 .text.Chip_Clock_SetSystemPLLSource
                0x000032e4       0x20 C:\Users\Nick\Documents\LPCXpresso_8.2.2_650\workspace\lpc_chip_15xx\Debug\liblpc_chip_15xx.a(sysinit_15xx.o)
 .text.Chip_Clock_SetupSystemPLL
                0x00003304       0x34 C:\Users\Nick\Documents\LPCXpresso_8.2.2_650\workspace\lpc_chip_15xx\Debug\liblpc_chip_15xx.a(sysinit_15xx.o)
 .text.Chip_Clock_IsSystemPLLLocked
                0x00003338       0x24 C:\Users\Nick\Documents\LPCXpresso_8.2.2_650\workspace\lpc_chip_15xx\Debug\liblpc_chip_15xx.a(sysinit_15xx.o)
 .text.Chip_Clock_SetSysClockDiv
                0x0000335c       0x20 C:\Users\Nick\Documents\LPCXpresso_8.2.2_650\workspace\lpc_chip_15xx\Debug\liblpc_chip_15xx.a(sysinit_15xx.o)
 .text.Chip_SetupXtalClocking
                0x0000337c       0x6c C:\Users\Nick\Documents\LPCXpresso_8.2.2_650\workspace\lpc_chip_15xx\Debug\liblpc_chip_15xx.a(sysinit_15xx.o)
                0x0000337c                Chip_SetupXtalClocking
 .text.Chip_SYSCTL_PeriphReset
                0x000033e8       0x24 C:\Users\Nick\Documents\LPCXpresso_8.2.2_650\workspace\lpc_chip_15xx\Debug\liblpc_chip_15xx.a(uart_15xx.o)
 .text.RingBuffer_IsEmpty
                0x0000340c       0x28 C:\Users\Nick\Documents\LPCXpresso_8.2.2_650\workspace\lpc_chip_15xx\Debug\liblpc_chip_15xx.a(uart_15xx.o)
 .text.Chip_UART_SendByte
                0x00003434       0x1c C:\Users\Nick\Documents\LPCXpresso_8.2.2_650\workspace\lpc_chip_15xx\Debug\liblpc_chip_15xx.a(uart_15xx.o)
 .text.Chip_UART_ReadByte
                0x00003450       0x1c C:\Users\Nick\Documents\LPCXpresso_8.2.2_650\workspace\lpc_chip_15xx\Debug\liblpc_chip_15xx.a(uart_15xx.o)
 .text.Chip_UART_IntEnable
                0x0000346c       0x1c C:\Users\Nick\Documents\LPCXpresso_8.2.2_650\workspace\lpc_chip_15xx\Debug\liblpc_chip_15xx.a(uart_15xx.o)
 .text.Chip_UART_IntDisable
                0x00003488       0x1c C:\Users\Nick\Documents\LPCXpresso_8.2.2_650\workspace\lpc_chip_15xx\Debug\liblpc_chip_15xx.a(uart_15xx.o)
 .text.Chip_UART_GetStatus
                0x000034a4       0x18 C:\Users\Nick\Documents\LPCXpresso_8.2.2_650\workspace\lpc_chip_15xx\Debug\liblpc_chip_15xx.a(uart_15xx.o)
 .text.getUARTClockID
                0x000034bc       0x34 C:\Users\Nick\Documents\LPCXpresso_8.2.2_650\workspace\lpc_chip_15xx\Debug\liblpc_chip_15xx.a(uart_15xx.o)
 .text.Chip_UART_Init
                0x000034f0       0x4c C:\Users\Nick\Documents\LPCXpresso_8.2.2_650\workspace\lpc_chip_15xx\Debug\liblpc_chip_15xx.a(uart_15xx.o)
                0x000034f0                Chip_UART_Init
 .text.Chip_UART_DeInit
                0x0000353c       0x20 C:\Users\Nick\Documents\LPCXpresso_8.2.2_650\workspace\lpc_chip_15xx\Debug\liblpc_chip_15xx.a(uart_15xx.o)
                0x0000353c                Chip_UART_DeInit
 .text.Chip_UART_SetBaud
                0x0000355c       0x2c C:\Users\Nick\Documents\LPCXpresso_8.2.2_650\workspace\lpc_chip_15xx\Debug\liblpc_chip_15xx.a(uart_15xx.o)
                0x0000355c                Chip_UART_SetBaud
 .text.Chip_UART_RXIntHandlerRB
                0x00003588       0x3c C:\Users\Nick\Documents\LPCXpresso_8.2.2_650\workspace\lpc_chip_15xx\Debug\liblpc_chip_15xx.a(uart_15xx.o)
                0x00003588                Chip_UART_RXIntHandlerRB
 .text.Chip_UART_TXIntHandlerRB
                0x000035c4       0x40 C:\Users\Nick\Documents\LPCXpresso_8.2.2_650\workspace\lpc_chip_15xx\Debug\liblpc_chip_15xx.a(uart_15xx.o)
                0x000035c4                Chip_UART_TXIntHandlerRB
 .text.Chip_UART_SendRB
                0x00003604       0x60 C:\Users\Nick\Documents\LPCXpresso_8.2.2_650\workspace\lpc_chip_15xx\Debug\liblpc_chip_15xx.a(uart_15xx.o)
                0x00003604                Chip_UART_SendRB
 .text.Chip_UART_ReadRB
                0x00003664       0x24 C:\Users\Nick\Documents\LPCXpresso_8.2.2_650\workspace\lpc_chip_15xx\Debug\liblpc_chip_15xx.a(uart_15xx.o)
                0x00003664                Chip_UART_ReadRB
 .text.Chip_UART_IRQRBHandler
                0x00003688       0x48 C:\Users\Nick\Documents\LPCXpresso_8.2.2_650\workspace\lpc_chip_15xx\Debug\liblpc_chip_15xx.a(uart_15xx.o)
                0x00003688                Chip_UART_IRQRBHandler
 .text          0x000036d0      0x370 c:/nxp/lpcxpresso_8.2.2_650/lpcxpresso/tools/bin/../lib/gcc/arm-none-eabi/5.4.1/armv7-m\libgcc.a(_arm_addsubdf3.o)
                0x000036d0                __aeabi_drsub
                0x000036d8                __aeabi_dsub
                0x000036d8                __subdf3
                0x000036dc                __aeabi_dadd
                0x000036dc                __adddf3
                0x00003954                __floatunsidf
                0x00003954                __aeabi_ui2d
                0x00003974                __floatsidf
                0x00003974                __aeabi_i2d
                0x00003998                __aeabi_f2d
                0x00003998                __extendsfdf2
                0x000039d4                __floatundidf
                0x000039d4                __aeabi_ul2d
                0x000039e4                __floatdidf
                0x000039e4                __aeabi_l2d
 .text          0x00003a40      0x424 c:/nxp/lpcxpresso_8.2.2_650/lpcxpresso/tools/bin/../lib/gcc/arm-none-eabi/5.4.1/armv7-m\libgcc.a(_arm_muldivdf3.o)
                0x00003a40                __aeabi_dmul
                0x00003a40                __muldf3
                0x00003c94                __divdf3
                0x00003c94                __aeabi_ddiv
 .text          0x00003e64       0x50 c:/nxp/lpcxpresso_8.2.2_650/lpcxpresso/tools/bin/../lib/gcc/arm-none-eabi/5.4.1/armv7-m\libgcc.a(_arm_fixdfsi.o)
                0x00003e64                __aeabi_d2iz
                0x00003e64                __fixdfsi
 .text          0x00003eb4       0xa0 c:/nxp/lpcxpresso_8.2.2_650/lpcxpresso/tools/bin/../lib/gcc/arm-none-eabi/5.4.1/armv7-m\libgcc.a(_arm_truncdfsf2.o)
                0x00003eb4                __truncdfsf2
                0x00003eb4                __aeabi_d2f
 .text          0x00003f54      0x21c c:/nxp/lpcxpresso_8.2.2_650/lpcxpresso/tools/bin/../lib/gcc/arm-none-eabi/5.4.1/armv7-m\libgcc.a(_arm_addsubsf3.o)
                0x00003f54                __aeabi_frsub
                0x00003f5c                __subsf3
                0x00003f5c                __aeabi_fsub
                0x00003f60                __aeabi_fadd
                0x00003f60                __addsf3
                0x000040c0                __aeabi_ui2f
                0x000040c0                __floatunsisf
                0x000040c8                __aeabi_i2f
                0x000040c8                __floatsisf
                0x000040e4                __aeabi_ul2f
                0x000040e4                __floatundisf
                0x000040f4                __aeabi_l2f
                0x000040f4                __floatdisf
 .text          0x00004170       0xec c:/nxp/lpcxpresso_8.2.2_650/lpcxpresso/tools/bin/../lib/gcc/arm-none-eabi/5.4.1/armv7-m\libgcc.a(_arm_cmpsf2.o)
                0x00004170                __gesf2
                0x00004170                __gtsf2
                0x00004178                __lesf2
                0x00004178                __ltsf2
                0x00004180                __nesf2
                0x00004180                __eqsf2
                0x00004180                __cmpsf2
                0x000041e0                __aeabi_cfrcmple
                0x000041e8                __aeabi_cfcmpeq
                0x000041e8                __aeabi_cfcmple
                0x000041f8                __aeabi_fcmpeq
                0x0000420c                __aeabi_fcmplt
                0x00004220                __aeabi_fcmple
                0x00004234                __aeabi_fcmpge
                0x00004248                __aeabi_fcmpgt
 .text          0x0000425c       0x30 c:/nxp/lpcxpresso_8.2.2_650/lpcxpresso/tools/bin/../lib/gcc/arm-none-eabi/5.4.1/armv7-m\libgcc.a(_aeabi_uldivmod.o)
                0x0000425c                __aeabi_uldivmod
 .text          0x0000428c      0x2ec c:/nxp/lpcxpresso_8.2.2_650/lpcxpresso/tools/bin/../lib/gcc/arm-none-eabi/5.4.1/armv7-m\libgcc.a(_udivmoddi4.o)
                0x0000428c                __udivmoddi4
 .text          0x00004578        0x4 c:/nxp/lpcxpresso_8.2.2_650/lpcxpresso/tools/bin/../lib/gcc/arm-none-eabi/5.4.1/armv7-m\libgcc.a(_dvmd_tls.o)
                0x00004578                __aeabi_idiv0
                0x00004578                __aeabi_ldiv0
 .text.__libc_init_array
                0x0000457c       0x50 c:/nxp/lpcxpresso_8.2.2_650/lpcxpresso/tools/bin/../lib/gcc/arm-none-eabi/5.4.1/../../../../arm-none-eabi/lib/armv7-m\libc.a(lib_a-init.o)
                0x0000457c                __libc_init_array
 .text.malloc   0x000045cc       0x10 c:/nxp/lpcxpresso_8.2.2_650/lpcxpresso/tools/bin/../lib/gcc/arm-none-eabi/5.4.1/../../../../arm-none-eabi/lib/armv7-m\libc.a(lib_a-malloc.o)
                0x000045cc                malloc
 .text.free     0x000045dc       0x10 c:/nxp/lpcxpresso_8.2.2_650/lpcxpresso/tools/bin/../lib/gcc/arm-none-eabi/5.4.1/../../../../arm-none-eabi/lib/armv7-m\libc.a(lib_a-malloc.o)
                0x000045dc                free
 .text._malloc_r
                0x000045ec      0x558 c:/nxp/lpcxpresso_8.2.2_650/lpcxpresso/tools/bin/../lib/gcc/arm-none-eabi/5.4.1/../../../../arm-none-eabi/lib/armv7-m\libc.a(lib_a-mallocr.o)
                0x000045ec                _malloc_r
 .text          0x00004b44       0xec c:/nxp/lpcxpresso_8.2.2_650/lpcxpresso/tools/bin/../lib/gcc/arm-none-eabi/5.4.1/../../../../arm-none-eabi/lib/armv7-m\libc.a(lib_a-memcpy.o)
                0x00004b44                memcpy
 .text.__malloc_lock
                0x00004c30        0x4 c:/nxp/lpcxpresso_8.2.2_650/lpcxpresso/tools/bin/../lib/gcc/arm-none-eabi/5.4.1/../../../../arm-none-eabi/lib/armv7-m\libc.a(lib_a-mlock.o)
                0x00004c30                __malloc_lock
 .text.__malloc_unlock
                0x00004c34        0x4 c:/nxp/lpcxpresso_8.2.2_650/lpcxpresso/tools/bin/../lib/gcc/arm-none-eabi/5.4.1/../../../../arm-none-eabi/lib/armv7-m\libc.a(lib_a-mlock.o)
                0x00004c34                __malloc_unlock
 .text.printf   0x00004c38       0x28 c:/nxp/lpcxpresso_8.2.2_650/lpcxpresso/tools/bin/../lib/gcc/arm-none-eabi/5.4.1/../../../../arm-none-eabi/lib/armv7-m\libc.a(lib_a-printf.o)
                0x00004c38                printf
 .text._sbrk_r  0x00004c60       0x24 c:/nxp/lpcxpresso_8.2.2_650/lpcxpresso/tools/bin/../lib/gcc/arm-none-eabi/5.4.1/../../../../arm-none-eabi/lib/armv7-m\libc.a(lib_a-sbrkr.o)
                0x00004c60                _sbrk_r
 .text._vfprintf_r
                0x00004c84     0x1788 c:/nxp/lpcxpresso_8.2.2_650/lpcxpresso/tools/bin/../lib/gcc/arm-none-eabi/5.4.1/../../../../arm-none-eabi/lib/armv7-m\libc.a(lib_a-vfprintf.o)
                0x00004c84                _vfprintf_r
 .text.__sbprintf
                0x0000640c       0x6c c:/nxp/lpcxpresso_8.2.2_650/lpcxpresso/tools/bin/../lib/gcc/arm-none-eabi/5.4.1/../../../../arm-none-eabi/lib/armv7-m\libc.a(lib_a-vfprintf.o)
 .text.__swsetup_r
                0x00006478       0xc8 c:/nxp/lpcxpresso_8.2.2_650/lpcxpresso/tools/bin/../lib/gcc/arm-none-eabi/5.4.1/../../../../arm-none-eabi/lib/armv7-m\libc.a(lib_a-wsetup.o)
                0x00006478                __swsetup_r
 .text.quorem   0x00006540      0x12c c:/nxp/lpcxpresso_8.2.2_650/lpcxpresso/tools/bin/../lib/gcc/arm-none-eabi/5.4.1/../../../../arm-none-eabi/lib/armv7-m\libc.a(lib_a-dtoa.o)
 *fill*         0x0000666c        0x4 ff
 .text._dtoa_r  0x00006670      0xe4c c:/nxp/lpcxpresso_8.2.2_650/lpcxpresso/tools/bin/../lib/gcc/arm-none-eabi/5.4.1/../../../../arm-none-eabi/lib/armv7-m\libc.a(lib_a-dtoa.o)
                0x00006670                _dtoa_r
 .text.__sflush_r
                0x000074bc      0x148 c:/nxp/lpcxpresso_8.2.2_650/lpcxpresso/tools/bin/../lib/gcc/arm-none-eabi/5.4.1/../../../../arm-none-eabi/lib/armv7-m\libc.a(lib_a-fflush.o)
                0x000074bc                __sflush_r
 .text._fflush_r
                0x00007604       0x2c c:/nxp/lpcxpresso_8.2.2_650/lpcxpresso/tools/bin/../lib/gcc/arm-none-eabi/5.4.1/../../../../arm-none-eabi/lib/armv7-m\libc.a(lib_a-fflush.o)
                0x00007604                _fflush_r
 .text._cleanup_r
                0x00007630        0xc c:/nxp/lpcxpresso_8.2.2_650/lpcxpresso/tools/bin/../lib/gcc/arm-none-eabi/5.4.1/../../../../arm-none-eabi/lib/armv7-m\libc.a(lib_a-findfp.o)
                0x00007630                _cleanup_r
 .text.__sinit.part.1
                0x0000763c       0xf0 c:/nxp/lpcxpresso_8.2.2_650/lpcxpresso/tools/bin/../lib/gcc/arm-none-eabi/5.4.1/../../../../arm-none-eabi/lib/armv7-m\libc.a(lib_a-findfp.o)
 .text.__sinit  0x0000772c        0xc c:/nxp/lpcxpresso_8.2.2_650/lpcxpresso/tools/bin/../lib/gcc/arm-none-eabi/5.4.1/../../../../arm-none-eabi/lib/armv7-m\libc.a(lib_a-findfp.o)
                0x0000772c                __sinit
 .text.__sfp_lock_acquire
                0x00007738        0x4 c:/nxp/lpcxpresso_8.2.2_650/lpcxpresso/tools/bin/../lib/gcc/arm-none-eabi/5.4.1/../../../../arm-none-eabi/lib/armv7-m\libc.a(lib_a-findfp.o)
                0x00007738                __sfp_lock_acquire
 .text.__sfp_lock_release
                0x0000773c        0x4 c:/nxp/lpcxpresso_8.2.2_650/lpcxpresso/tools/bin/../lib/gcc/arm-none-eabi/5.4.1/../../../../arm-none-eabi/lib/armv7-m\libc.a(lib_a-findfp.o)
                0x0000773c                __sfp_lock_release
 .text._malloc_trim_r
                0x00007740       0x9c c:/nxp/lpcxpresso_8.2.2_650/lpcxpresso/tools/bin/../lib/gcc/arm-none-eabi/5.4.1/../../../../arm-none-eabi/lib/armv7-m\libc.a(lib_a-freer.o)
                0x00007740                _malloc_trim_r
 .text._free_r  0x000077dc      0x1d0 c:/nxp/lpcxpresso_8.2.2_650/lpcxpresso/tools/bin/../lib/gcc/arm-none-eabi/5.4.1/../../../../arm-none-eabi/lib/armv7-m\libc.a(lib_a-freer.o)
                0x000077dc                _free_r
 .text._fwalk_reent
                0x000079ac       0x50 c:/nxp/lpcxpresso_8.2.2_650/lpcxpresso/tools/bin/../lib/gcc/arm-none-eabi/5.4.1/../../../../arm-none-eabi/lib/armv7-m\libc.a(lib_a-fwalk.o)
                0x000079ac                _fwalk_reent
 .text.__locale_charset
                0x000079fc        0x8 c:/nxp/lpcxpresso_8.2.2_650/lpcxpresso/tools/bin/../lib/gcc/arm-none-eabi/5.4.1/../../../../arm-none-eabi/lib/armv7-m\libc.a(lib_a-locale.o)
                0x000079fc                __locale_charset
 .text.__locale_mb_cur_max
                0x00007a04        0xc c:/nxp/lpcxpresso_8.2.2_650/lpcxpresso/tools/bin/../lib/gcc/arm-none-eabi/5.4.1/../../../../arm-none-eabi/lib/armv7-m\libc.a(lib_a-locale.o)
                0x00007a04                __locale_mb_cur_max
 .text._localeconv_r
                0x00007a10        0x8 c:/nxp/lpcxpresso_8.2.2_650/lpcxpresso/tools/bin/../lib/gcc/arm-none-eabi/5.4.1/../../../../arm-none-eabi/lib/armv7-m\libc.a(lib_a-locale.o)
                0x00007a10                _localeconv_r
 .text.__swhatbuf_r
                0x00007a18       0x60 c:/nxp/lpcxpresso_8.2.2_650/lpcxpresso/tools/bin/../lib/gcc/arm-none-eabi/5.4.1/../../../../arm-none-eabi/lib/armv7-m\libc.a(lib_a-makebuf.o)
                0x00007a18                __swhatbuf_r
 .text.__smakebuf_r
                0x00007a78       0x88 c:/nxp/lpcxpresso_8.2.2_650/lpcxpresso/tools/bin/../lib/gcc/arm-none-eabi/5.4.1/../../../../arm-none-eabi/lib/armv7-m\libc.a(lib_a-makebuf.o)
                0x00007a78                __smakebuf_r
 .text.memchr   0x00007b00       0x8c c:/nxp/lpcxpresso_8.2.2_650/lpcxpresso/tools/bin/../lib/gcc/arm-none-eabi/5.4.1/../../../../arm-none-eabi/lib/armv7-m\libc.a(lib_a-memchr-stub.o)
                0x00007b00                memchr
 .text.memset   0x00007b8c       0x9c c:/nxp/lpcxpresso_8.2.2_650/lpcxpresso/tools/bin/../lib/gcc/arm-none-eabi/5.4.1/../../../../arm-none-eabi/lib/armv7-m\libc.a(lib_a-memset.o)
                0x00007b8c                memset
 .text._Balloc  0x00007c28       0x50 c:/nxp/lpcxpresso_8.2.2_650/lpcxpresso/tools/bin/../lib/gcc/arm-none-eabi/5.4.1/../../../../arm-none-eabi/lib/armv7-m\libc.a(lib_a-mprec.o)
                0x00007c28                _Balloc
 .text._Bfree   0x00007c78       0x14 c:/nxp/lpcxpresso_8.2.2_650/lpcxpresso/tools/bin/../lib/gcc/arm-none-eabi/5.4.1/../../../../arm-none-eabi/lib/armv7-m\libc.a(lib_a-mprec.o)
                0x00007c78                _Bfree
 .text.__multadd
                0x00007c8c       0x80 c:/nxp/lpcxpresso_8.2.2_650/lpcxpresso/tools/bin/../lib/gcc/arm-none-eabi/5.4.1/../../../../arm-none-eabi/lib/armv7-m\libc.a(lib_a-mprec.o)
                0x00007c8c                __multadd
 .text.__hi0bits
                0x00007d0c       0x40 c:/nxp/lpcxpresso_8.2.2_650/lpcxpresso/tools/bin/../lib/gcc/arm-none-eabi/5.4.1/../../../../arm-none-eabi/lib/armv7-m\libc.a(lib_a-mprec.o)
                0x00007d0c                __hi0bits
 .text.__lo0bits
                0x00007d4c       0x5c c:/nxp/lpcxpresso_8.2.2_650/lpcxpresso/tools/bin/../lib/gcc/arm-none-eabi/5.4.1/../../../../arm-none-eabi/lib/armv7-m\libc.a(lib_a-mprec.o)
                0x00007d4c                __lo0bits
 .text.__i2b    0x00007da8       0x14 c:/nxp/lpcxpresso_8.2.2_650/lpcxpresso/tools/bin/../lib/gcc/arm-none-eabi/5.4.1/../../../../arm-none-eabi/lib/armv7-m\libc.a(lib_a-mprec.o)
                0x00007da8                __i2b
 .text.__multiply
                0x00007dbc      0x13c c:/nxp/lpcxpresso_8.2.2_650/lpcxpresso/tools/bin/../lib/gcc/arm-none-eabi/5.4.1/../../../../arm-none-eabi/lib/armv7-m\libc.a(lib_a-mprec.o)
                0x00007dbc                __multiply
 .text.__pow5mult
                0x00007ef8       0xa0 c:/nxp/lpcxpresso_8.2.2_650/lpcxpresso/tools/bin/../lib/gcc/arm-none-eabi/5.4.1/../../../../arm-none-eabi/lib/armv7-m\libc.a(lib_a-mprec.o)
                0x00007ef8                __pow5mult
 .text.__lshift
                0x00007f98       0xac c:/nxp/lpcxpresso_8.2.2_650/lpcxpresso/tools/bin/../lib/gcc/arm-none-eabi/5.4.1/../../../../arm-none-eabi/lib/armv7-m\libc.a(lib_a-mprec.o)
                0x00007f98                __lshift
 .text.__mcmp   0x00008044       0x40 c:/nxp/lpcxpresso_8.2.2_650/lpcxpresso/tools/bin/../lib/gcc/arm-none-eabi/5.4.1/../../../../arm-none-eabi/lib/armv7-m\libc.a(lib_a-mprec.o)
                0x00008044                __mcmp
 .text.__mdiff  0x00008084      0x128 c:/nxp/lpcxpresso_8.2.2_650/lpcxpresso/tools/bin/../lib/gcc/arm-none-eabi/5.4.1/../../../../arm-none-eabi/lib/armv7-m\libc.a(lib_a-mprec.o)
                0x00008084                __mdiff
 .text.__d2b    0x000081ac       0xa8 c:/nxp/lpcxpresso_8.2.2_650/lpcxpresso/tools/bin/../lib/gcc/arm-none-eabi/5.4.1/../../../../arm-none-eabi/lib/armv7-m\libc.a(lib_a-mprec.o)
                0x000081ac                __d2b
 .text.__sread  0x00008254       0x24 c:/nxp/lpcxpresso_8.2.2_650/lpcxpresso/tools/bin/../lib/gcc/arm-none-eabi/5.4.1/../../../../arm-none-eabi/lib/armv7-m\libc.a(lib_a-stdio.o)
                0x00008254                __sread
 .text.__swrite
                0x00008278       0x3c c:/nxp/lpcxpresso_8.2.2_650/lpcxpresso/tools/bin/../lib/gcc/arm-none-eabi/5.4.1/../../../../arm-none-eabi/lib/armv7-m\libc.a(lib_a-stdio.o)
                0x00008278                __swrite
 .text.__sseek  0x000082b4       0x20 c:/nxp/lpcxpresso_8.2.2_650/lpcxpresso/tools/bin/../lib/gcc/arm-none-eabi/5.4.1/../../../../arm-none-eabi/lib/armv7-m\libc.a(lib_a-stdio.o)
                0x000082b4                __sseek
 .text.__sclose
                0x000082d4        0x8 c:/nxp/lpcxpresso_8.2.2_650/lpcxpresso/tools/bin/../lib/gcc/arm-none-eabi/5.4.1/../../../../arm-none-eabi/lib/armv7-m\libc.a(lib_a-stdio.o)
                0x000082d4                __sclose
 .text.strlen   0x000082dc       0x5c c:/nxp/lpcxpresso_8.2.2_650/lpcxpresso/tools/bin/../lib/gcc/arm-none-eabi/5.4.1/../../../../arm-none-eabi/lib/armv7-m\libc.a(lib_a-strlen-stub.o)
                0x000082dc                strlen
 .text.__sprint_r.part.0
                0x00008338       0x78 c:/nxp/lpcxpresso_8.2.2_650/lpcxpresso/tools/bin/../lib/gcc/arm-none-eabi/5.4.1/../../../../arm-none-eabi/lib/armv7-m\libc.a(lib_a-vfiprintf.o)
 .text.__sprint_r
                0x000083b0       0x14 c:/nxp/lpcxpresso_8.2.2_650/lpcxpresso/tools/bin/../lib/gcc/arm-none-eabi/5.4.1/../../../../arm-none-eabi/lib/armv7-m\libc.a(lib_a-vfiprintf.o)
                0x000083b0                __sprint_r
 .text._write_r
                0x000083c4       0x2c c:/nxp/lpcxpresso_8.2.2_650/lpcxpresso/tools/bin/../lib/gcc/arm-none-eabi/5.4.1/../../../../arm-none-eabi/lib/armv7-m\libc.a(lib_a-writer.o)
                0x000083c4                _write_r
 .text._calloc_r
                0x000083f0       0x60 c:/nxp/lpcxpresso_8.2.2_650/lpcxpresso/tools/bin/../lib/gcc/arm-none-eabi/5.4.1/../../../../arm-none-eabi/lib/armv7-m\libc.a(lib_a-callocr.o)
                0x000083f0                _calloc_r
 .text._close_r
                0x00008450       0x24 c:/nxp/lpcxpresso_8.2.2_650/lpcxpresso/tools/bin/../lib/gcc/arm-none-eabi/5.4.1/../../../../arm-none-eabi/lib/armv7-m\libc.a(lib_a-closer.o)
                0x00008450                _close_r
 .text._fclose_r
                0x00008474       0x84 c:/nxp/lpcxpresso_8.2.2_650/lpcxpresso/tools/bin/../lib/gcc/arm-none-eabi/5.4.1/../../../../arm-none-eabi/lib/armv7-m\libc.a(lib_a-fclose.o)
                0x00008474                _fclose_r
 .text.__fputwc
                0x000084f8       0x94 c:/nxp/lpcxpresso_8.2.2_650/lpcxpresso/tools/bin/../lib/gcc/arm-none-eabi/5.4.1/../../../../arm-none-eabi/lib/armv7-m\libc.a(lib_a-fputwc.o)
                0x000084f8                __fputwc
 .text._fputwc_r
                0x0000858c       0x24 c:/nxp/lpcxpresso_8.2.2_650/lpcxpresso/tools/bin/../lib/gcc/arm-none-eabi/5.4.1/../../../../arm-none-eabi/lib/armv7-m\libc.a(lib_a-fputwc.o)
                0x0000858c                _fputwc_r
 .text._fstat_r
                0x000085b0       0x28 c:/nxp/lpcxpresso_8.2.2_650/lpcxpresso/tools/bin/../lib/gcc/arm-none-eabi/5.4.1/../../../../arm-none-eabi/lib/armv7-m\libc.a(lib_a-fstatr.o)
                0x000085b0                _fstat_r
 .text.__sfvwrite_r
                0x000085d8      0x308 c:/nxp/lpcxpresso_8.2.2_650/lpcxpresso/tools/bin/../lib/gcc/arm-none-eabi/5.4.1/../../../../arm-none-eabi/lib/armv7-m\libc.a(lib_a-fvwrite.o)
                0x000085d8                __sfvwrite_r
 .text._isatty_r
                0x000088e0       0x24 c:/nxp/lpcxpresso_8.2.2_650/lpcxpresso/tools/bin/../lib/gcc/arm-none-eabi/5.4.1/../../../../arm-none-eabi/lib/armv7-m\libc.a(lib_a-isattyr.o)
                0x000088e0                _isatty_r
 .text._lseek_r
                0x00008904       0x2c c:/nxp/lpcxpresso_8.2.2_650/lpcxpresso/tools/bin/../lib/gcc/arm-none-eabi/5.4.1/../../../../arm-none-eabi/lib/armv7-m\libc.a(lib_a-lseekr.o)
                0x00008904                _lseek_r
 .text.memmove  0x00008930       0xc8 c:/nxp/lpcxpresso_8.2.2_650/lpcxpresso/tools/bin/../lib/gcc/arm-none-eabi/5.4.1/../../../../arm-none-eabi/lib/armv7-m\libc.a(lib_a-memmove.o)
                0x00008930                memmove
 .text._read_r  0x000089f8       0x2c c:/nxp/lpcxpresso_8.2.2_650/lpcxpresso/tools/bin/../lib/gcc/arm-none-eabi/5.4.1/../../../../arm-none-eabi/lib/armv7-m\libc.a(lib_a-readr.o)
                0x000089f8                _read_r
 .text._realloc_r
                0x00008a24      0x3d4 c:/nxp/lpcxpresso_8.2.2_650/lpcxpresso/tools/bin/../lib/gcc/arm-none-eabi/5.4.1/../../../../arm-none-eabi/lib/armv7-m\libc.a(lib_a-reallocr.o)
                0x00008a24                _realloc_r
 .text.__swbuf_r
                0x00008df8       0xac c:/nxp/lpcxpresso_8.2.2_650/lpcxpresso/tools/bin/../lib/gcc/arm-none-eabi/5.4.1/../../../../arm-none-eabi/lib/armv7-m\libc.a(lib_a-wbuf.o)
                0x00008df8                __swbuf_r
 .text._wcrtomb_r
                0x00008ea4       0x54 c:/nxp/lpcxpresso_8.2.2_650/lpcxpresso/tools/bin/../lib/gcc/arm-none-eabi/5.4.1/../../../../arm-none-eabi/lib/armv7-m\libc.a(lib_a-wcrtomb.o)
                0x00008ea4                _wcrtomb_r
 .text.__ascii_wctomb
                0x00008ef8       0x1c c:/nxp/lpcxpresso_8.2.2_650/lpcxpresso/tools/bin/../lib/gcc/arm-none-eabi/5.4.1/../../../../arm-none-eabi/lib/armv7-m\libc.a(lib_a-wctomb_r.o)
                0x00008ef8                __ascii_wctomb
 .text._sbrk    0x00008f14       0x3c c:/nxp/lpcxpresso_8.2.2_650/lpcxpresso/tools/bin/../lib/gcc/arm-none-eabi/5.4.1/../../../../arm-none-eabi/lib/armv7-m\libcr_newlib_nohost.a(_cr_sbrk.o)
                0x00008f14                _sbrk
 .text._close   0x00008f50       0x10 c:/nxp/lpcxpresso_8.2.2_650/lpcxpresso/tools/bin/../lib/gcc/arm-none-eabi/5.4.1/../../../../arm-none-eabi/lib/armv7-m\libcr_newlib_nohost.a(close.o)
                0x00008f50                _close
 .text._fstat   0x00008f60       0x10 c:/nxp/lpcxpresso_8.2.2_650/lpcxpresso/tools/bin/../lib/gcc/arm-none-eabi/5.4.1/../../../../arm-none-eabi/lib/armv7-m\libcr_newlib_nohost.a(fstat.o)
                0x00008f60                _fstat
 .text._isatty  0x00008f70       0x10 c:/nxp/lpcxpresso_8.2.2_650/lpcxpresso/tools/bin/../lib/gcc/arm-none-eabi/5.4.1/../../../../arm-none-eabi/lib/armv7-m\libcr_newlib_nohost.a(isatty.o)
                0x00008f70                _isatty
 .text._lseek   0x00008f80       0x10 c:/nxp/lpcxpresso_8.2.2_650/lpcxpresso/tools/bin/../lib/gcc/arm-none-eabi/5.4.1/../../../../arm-none-eabi/lib/armv7-m\libcr_newlib_nohost.a(lseek.o)
                0x00008f80                _lseek
 .text.__check_heap_overflow
                0x00008f90       0x18 c:/nxp/lpcxpresso_8.2.2_650/lpcxpresso/tools/bin/../lib/gcc/arm-none-eabi/5.4.1/../../../../arm-none-eabi/lib/armv7-m\libcr_newlib_nohost.a(_cr_check_heap.o)
                0x00008f90                __check_heap_overflow
 .text          0x00008fa8       0x5c c:/nxp/lpcxpresso_8.2.2_650/lpcxpresso/tools/bin/../lib/gcc/arm-none-eabi/5.4.1/armv7-m\crtbegin.o
 .text          0x00009004      0x110 c:/nxp/lpcxpresso_8.2.2_650/lpcxpresso/tools/bin/../lib/gcc/arm-none-eabi/5.4.1/armv7-m\libgcc.a(_arm_cmpdf2.o)
                0x00009004                __gtdf2
                0x00009004                __gedf2
                0x0000900c                __ltdf2
                0x0000900c                __ledf2
                0x00009014                __nedf2
                0x00009014                __eqdf2
                0x00009014                __cmpdf2
                0x00009090                __aeabi_cdrcmple
                0x000090a0                __aeabi_cdcmpeq
                0x000090a0                __aeabi_cdcmple
                0x000090b0                __aeabi_dcmpeq
                0x000090c4                __aeabi_dcmplt
                0x000090d8                __aeabi_dcmple
                0x000090ec                __aeabi_dcmpge
                0x00009100                __aeabi_dcmpgt
 .text          0x00009114       0x2c c:/nxp/lpcxpresso_8.2.2_650/lpcxpresso/tools/bin/../lib/gcc/arm-none-eabi/5.4.1/armv7-m\libgcc.a(_arm_unorddf2.o)
                0x00009114                __unorddf2
                0x00009114                __aeabi_dcmpun
 .text.__errno  0x00009140        0xc c:/nxp/lpcxpresso_8.2.2_650/lpcxpresso/tools/bin/../lib/gcc/arm-none-eabi/5.4.1/../../../../arm-none-eabi/lib/armv7-m\libc.a(lib_a-errno.o)
                0x00009140                __errno
 *(.rodata .rodata.* .constdata .constdata.*)
 .rodata._ZTV3I2C
                0x0000914c       0x10 ./src/I2C.o
                0x0000914c                vtable for I2C
 .rodata._ZTV10SerialPort
                0x0000915c       0x10 ./src/SerialPort.o
                0x0000915c                vtable for SerialPort
 .rodata        0x0000916c      0x19d ./src/uart_test.o
 *fill*         0x00009309        0x3 ff
 .rodata._ZTV12DigitalIoPin
                0x0000930c       0x10 ./src/uart_test.o
                0x0000930c                vtable for DigitalIoPin
 .rodata.OscRateIn
                0x0000931c        0x4 C:\Users\Nick\Documents\LPCXpresso_8.2.2_650\workspace\lpc_board_nxp_lpcxpresso_1549\Debug\liblpc_board_nxp_lpcxpresso_1549.a(board.o)
                0x0000931c                OscRateIn
 .rodata.RTCOscRateIn
                0x00009320        0x4 C:\Users\Nick\Documents\LPCXpresso_8.2.2_650\workspace\lpc_board_nxp_lpcxpresso_1549\Debug\liblpc_board_nxp_lpcxpresso_1549.a(board.o)
                0x00009320                RTCOscRateIn
 .rodata.ledpins
                0x00009324        0x3 C:\Users\Nick\Documents\LPCXpresso_8.2.2_650\workspace\lpc_board_nxp_lpcxpresso_1549\Debug\liblpc_board_nxp_lpcxpresso_1549.a(board.o)
 *fill*         0x00009327        0x1 ff
 .rodata.ledports
                0x00009328        0x3 C:\Users\Nick\Documents\LPCXpresso_8.2.2_650\workspace\lpc_board_nxp_lpcxpresso_1549\Debug\liblpc_board_nxp_lpcxpresso_1549.a(board.o)
 *fill*         0x0000932b        0x1 ff
 .rodata.ioconSetup
                0x0000932c       0x74 C:\Users\Nick\Documents\LPCXpresso_8.2.2_650\workspace\lpc_board_nxp_lpcxpresso_1549\Debug\liblpc_board_nxp_lpcxpresso_1549.a(board_sysinit.o)
 .rodata.swmSetup
                0x000093a0        0x6 C:\Users\Nick\Documents\LPCXpresso_8.2.2_650\workspace\lpc_board_nxp_lpcxpresso_1549\Debug\liblpc_board_nxp_lpcxpresso_1549.a(board_sysinit.o)
 *fill*         0x000093a6        0x2 ff
 .rodata.blanks.7070
                0x000093a8       0x10 c:/nxp/lpcxpresso_8.2.2_650/lpcxpresso/tools/bin/../lib/gcc/arm-none-eabi/5.4.1/../../../../arm-none-eabi/lib/armv7-m\libc.a(lib_a-vfprintf.o)
 .rodata.str1.4
                0x000093b8       0x42 c:/nxp/lpcxpresso_8.2.2_650/lpcxpresso/tools/bin/../lib/gcc/arm-none-eabi/5.4.1/../../../../arm-none-eabi/lib/armv7-m\libc.a(lib_a-vfprintf.o)
 *fill*         0x000093fa        0x2 ff
 .rodata.zeroes.7071
                0x000093fc       0x10 c:/nxp/lpcxpresso_8.2.2_650/lpcxpresso/tools/bin/../lib/gcc/arm-none-eabi/5.4.1/../../../../arm-none-eabi/lib/armv7-m\libc.a(lib_a-vfprintf.o)
 .rodata.str1.4
                0x0000940c       0x10 c:/nxp/lpcxpresso_8.2.2_650/lpcxpresso/tools/bin/../lib/gcc/arm-none-eabi/5.4.1/../../../../arm-none-eabi/lib/armv7-m\libc.a(lib_a-dtoa.o)
                                 0x12 (size before relaxing)
 .rodata.str1.4
                0x0000941c        0x2 c:/nxp/lpcxpresso_8.2.2_650/lpcxpresso/tools/bin/../lib/gcc/arm-none-eabi/5.4.1/../../../../arm-none-eabi/lib/armv7-m\libc.a(lib_a-impure.o)
 *fill*         0x0000941e        0x2 ff
 .rodata.str1.4
                0x00009420        0xc c:/nxp/lpcxpresso_8.2.2_650/lpcxpresso/tools/bin/../lib/gcc/arm-none-eabi/5.4.1/../../../../arm-none-eabi/lib/armv7-m\libc.a(lib_a-locale.o)
                                 0x12 (size before relaxing)
 *fill*         0x0000942c        0x4 ff
 .rodata.__mprec_tens
                0x00009430       0xc8 c:/nxp/lpcxpresso_8.2.2_650/lpcxpresso/tools/bin/../lib/gcc/arm-none-eabi/5.4.1/../../../../arm-none-eabi/lib/armv7-m\libc.a(lib_a-mprec.o)
                0x00009430                __mprec_tens
 .rodata.__mprec_bigtens
                0x000094f8       0x28 c:/nxp/lpcxpresso_8.2.2_650/lpcxpresso/tools/bin/../lib/gcc/arm-none-eabi/5.4.1/../../../../arm-none-eabi/lib/armv7-m\libc.a(lib_a-mprec.o)
                0x000094f8                __mprec_bigtens
 .rodata.p05.5396
                0x00009520        0xc c:/nxp/lpcxpresso_8.2.2_650/lpcxpresso/tools/bin/../lib/gcc/arm-none-eabi/5.4.1/../../../../arm-none-eabi/lib/armv7-m\libc.a(lib_a-mprec.o)
                0x0000952c                . = ALIGN (0x4)
                0x0000952c                . = ALIGN (0x4)
 *(.init)
 .init          0x0000952c        0x4 c:/nxp/lpcxpresso_8.2.2_650/lpcxpresso/tools/bin/../lib/gcc/arm-none-eabi/5.4.1/armv7-m\crti.o
                0x0000952c                _init
 .init          0x00009530        0x8 c:/nxp/lpcxpresso_8.2.2_650/lpcxpresso/tools/bin/../lib/gcc/arm-none-eabi/5.4.1/armv7-m\crtn.o
                0x00009538                . = ALIGN (0x4)
                0x00009538                __preinit_array_start = .
 *(.preinit_array)
                0x00009538                __preinit_array_end = .
                0x00009538                . = ALIGN (0x4)
                0x00009538                __init_array_start = .
 *(SORT(.init_array.*))
 *(.init_array)
 .init_array    0x00009538        0x4 c:/nxp/lpcxpresso_8.2.2_650/lpcxpresso/tools/bin/../lib/gcc/arm-none-eabi/5.4.1/armv7-m\crtbegin.o
                0x0000953c                __init_array_end = .
 *(.fini)
 .fini          0x0000953c        0x4 c:/nxp/lpcxpresso_8.2.2_650/lpcxpresso/tools/bin/../lib/gcc/arm-none-eabi/5.4.1/armv7-m\crti.o
                0x0000953c                _fini
 .fini          0x00009540        0x8 c:/nxp/lpcxpresso_8.2.2_650/lpcxpresso/tools/bin/../lib/gcc/arm-none-eabi/5.4.1/armv7-m\crtn.o
                0x00009548                . = ALIGN (0x4)
 *crtbegin.o(.ctors)
 *(EXCLUDE_FILE(*crtend.o) .ctors)
 *(SORT(.ctors.*))
 *crtend.o(.ctors)
                0x00009548                . = ALIGN (0x4)
 *crtbegin.o(.dtors)
 *(EXCLUDE_FILE(*crtend.o) .dtors)
 *(SORT(.dtors.*))
 *crtend.o(.dtors)
                0x00009548                . = ALIGN (0x4)

.glue_7         0x00009548        0x0
 .glue_7        0x00009548        0x0 linker stubs

.glue_7t        0x00009548        0x0
 .glue_7t       0x00009548        0x0 linker stubs

.vfp11_veneer   0x00009548        0x0
 .vfp11_veneer  0x00009548        0x0 linker stubs

.v4_bx          0x00009548        0x0
 .v4_bx         0x00009548        0x0 linker stubs

.iplt           0x00009548        0x0
 .iplt          0x00009548        0x0 ./src/I2C.o

.ARM.extab
 *(.ARM.extab* .gnu.linkonce.armextab.*)
                0x00009548                __exidx_start = .

.ARM.exidx      0x00009548        0x8
 *(.ARM.exidx* .gnu.linkonce.armexidx.*)
 .ARM.exidx     0x00009548        0x8 c:/nxp/lpcxpresso_8.2.2_650/lpcxpresso/tools/bin/../lib/gcc/arm-none-eabi/5.4.1/armv7-m\libgcc.a(_udivmoddi4.o)
                0x00009550                __exidx_end = .
                0x00009550                _etext = .

.rel.dyn        0x00009550        0x0
 .rel.iplt      0x00009550        0x0 ./src/I2C.o

.eh_frame       0x00009550        0x0
 .eh_frame      0x00009550        0x0 c:/nxp/lpcxpresso_8.2.2_650/lpcxpresso/tools/bin/../lib/gcc/arm-none-eabi/5.4.1/armv7-m\crtbegin.o

.data_RAM2      0x02004000        0x0 load address 0x00009550
 FILL mask 0xff
                [!provide]                PROVIDE (__start_data_RAM2, .)
 *(.ramfunc.$RAM2)
 *(.ramfunc.$Ram1_16)
 *(.data.$RAM2*)
 *(.data.$Ram1_16*)
                0x02004000                . = ALIGN (0x4)
                [!provide]                PROVIDE (__end_data_RAM2, .)

.data_RAM3      0x02008000        0x0 load address 0x00009550
 FILL mask 0xff
                [!provide]                PROVIDE (__start_data_RAM3, .)
 *(.ramfunc.$RAM3)
 *(.ramfunc.$Ram2_4)
 *(.data.$RAM3*)
 *(.data.$Ram2_4*)
                0x02008000                . = ALIGN (0x4)
                [!provide]                PROVIDE (__end_data_RAM3, .)

.uninit_RESERVED
                0x02000000        0x0
 *(.bss.$RESERVED*)
                0x02000000                . = ALIGN (0x4)
                0x02000000                _end_uninit_RESERVED = .

.data           0x02000000      0x8ac load address 0x00009550
 FILL mask 0xff
                0x02000000                _data = .
 *(vtable)
 *(.ramfunc*)
 *(.data*)
 .data.ITM_RxBuffer
                0x02000000        0x4 ./src/retarget_itm.o
                0x02000000                ITM_RxBuffer
 .data._ZL11pressureMin
                0x02000004        0x4 ./src/uart_test.o
 .data._ZL11pressureMax
                0x02000008        0x4 ./src/uart_test.o
 .data.__malloc_av_
                0x0200000c      0x408 c:/nxp/lpcxpresso_8.2.2_650/lpcxpresso/tools/bin/../lib/gcc/arm-none-eabi/5.4.1/../../../../arm-none-eabi/lib/armv7-m\libc.a(lib_a-mallocr.o)
                0x0200000c                __malloc_av_
 .data.__malloc_trim_threshold
                0x02000414        0x4 c:/nxp/lpcxpresso_8.2.2_650/lpcxpresso/tools/bin/../lib/gcc/arm-none-eabi/5.4.1/../../../../arm-none-eabi/lib/armv7-m\libc.a(lib_a-mallocr.o)
                0x02000414                __malloc_trim_threshold
 .data.__malloc_sbrk_base
                0x02000418        0x4 c:/nxp/lpcxpresso_8.2.2_650/lpcxpresso/tools/bin/../lib/gcc/arm-none-eabi/5.4.1/../../../../arm-none-eabi/lib/armv7-m\libc.a(lib_a-mallocr.o)
                0x02000418                __malloc_sbrk_base
 *fill*         0x0200041c        0x4 ff
 .data.impure_data
                0x02000420      0x428 c:/nxp/lpcxpresso_8.2.2_650/lpcxpresso/tools/bin/../lib/gcc/arm-none-eabi/5.4.1/../../../../arm-none-eabi/lib/armv7-m\libc.a(lib_a-impure.o)
 .data._impure_ptr
                0x02000848        0x4 c:/nxp/lpcxpresso_8.2.2_650/lpcxpresso/tools/bin/../lib/gcc/arm-none-eabi/5.4.1/../../../../arm-none-eabi/lib/armv7-m\libc.a(lib_a-impure.o)
                0x02000848                _impure_ptr
 .data.lconv    0x0200084c       0x38 c:/nxp/lpcxpresso_8.2.2_650/lpcxpresso/tools/bin/../lib/gcc/arm-none-eabi/5.4.1/../../../../arm-none-eabi/lib/armv7-m\libc.a(lib_a-locale.o)
 .data.lc_ctype_charset
                0x02000884       0x20 c:/nxp/lpcxpresso_8.2.2_650/lpcxpresso/tools/bin/../lib/gcc/arm-none-eabi/5.4.1/../../../../arm-none-eabi/lib/armv7-m\libc.a(lib_a-locale.o)
 .data.__mb_cur_max
                0x020008a4        0x4 c:/nxp/lpcxpresso_8.2.2_650/lpcxpresso/tools/bin/../lib/gcc/arm-none-eabi/5.4.1/../../../../arm-none-eabi/lib/armv7-m\libc.a(lib_a-locale.o)
                0x020008a4                __mb_cur_max
 .data.__wctomb
                0x020008a8        0x4 c:/nxp/lpcxpresso_8.2.2_650/lpcxpresso/tools/bin/../lib/gcc/arm-none-eabi/5.4.1/../../../../arm-none-eabi/lib/armv7-m\libc.a(lib_a-wctomb_r.o)
                0x020008a8                __wctomb
                0x020008ac                . = ALIGN (0x4)
                0x020008ac                _edata = .

.igot.plt       0x020008ac        0x0 load address 0x00009dfc
 .igot.plt      0x020008ac        0x0 ./src/I2C.o

.jcr            0x020008ac        0x0 load address 0x00009dfc
 .jcr           0x020008ac        0x0 c:/nxp/lpcxpresso_8.2.2_650/lpcxpresso/tools/bin/../lib/gcc/arm-none-eabi/5.4.1/armv7-m\crtbegin.o

.bss_RAM2       0x02004000        0x0
                [!provide]                PROVIDE (__start_bss_RAM2, .)
 *(.bss.$RAM2*)
 *(.bss.$Ram1_16*)
                0x02004000                . = ALIGN ((. != 0x0)?0x4:0x1)
                [!provide]                PROVIDE (__end_bss_RAM2, .)

.bss_RAM3       0x02008000        0x0
                [!provide]                PROVIDE (__start_bss_RAM3, .)
 *(.bss.$RAM3*)
 *(.bss.$Ram2_4*)
                0x02008000                . = ALIGN ((. != 0x0)?0x4:0x1)
                [!provide]                PROVIDE (__end_bss_RAM3, .)

.bss            0x020008ac       0x6c
                0x020008ac                _bss = .
 *(.bss*)
 .bss._ZL7rxring1
                0x020008ac        0x4 ./src/SerialPort.o
 .bss._ZL7txring1
                0x020008b0        0x4 ./src/SerialPort.o
 .bss._ZL7counter
                0x020008b4        0x4 ./src/uart_test.o
 .bss._ZL8systicks
                0x020008b8        0x4 ./src/uart_test.o
 .bss.__malloc_max_total_mem
                0x020008bc        0x4 c:/nxp/lpcxpresso_8.2.2_650/lpcxpresso/tools/bin/../lib/gcc/arm-none-eabi/5.4.1/../../../../arm-none-eabi/lib/armv7-m\libc.a(lib_a-mallocr.o)
                0x020008bc                __malloc_max_total_mem
 .bss.__malloc_max_sbrked_mem
                0x020008c0        0x4 c:/nxp/lpcxpresso_8.2.2_650/lpcxpresso/tools/bin/../lib/gcc/arm-none-eabi/5.4.1/../../../../arm-none-eabi/lib/armv7-m\libc.a(lib_a-mallocr.o)
                0x020008c0                __malloc_max_sbrked_mem
 .bss.__malloc_top_pad
                0x020008c4        0x4 c:/nxp/lpcxpresso_8.2.2_650/lpcxpresso/tools/bin/../lib/gcc/arm-none-eabi/5.4.1/../../../../arm-none-eabi/lib/armv7-m\libc.a(lib_a-mallocr.o)
                0x020008c4                __malloc_top_pad
 .bss.__malloc_current_mallinfo
                0x020008c8       0x28 c:/nxp/lpcxpresso_8.2.2_650/lpcxpresso/tools/bin/../lib/gcc/arm-none-eabi/5.4.1/../../../../arm-none-eabi/lib/armv7-m\libc.a(lib_a-mallocr.o)
                0x020008c8                __malloc_current_mallinfo
 .bss.__end_of_heap
                0x020008f0        0x4 c:/nxp/lpcxpresso_8.2.2_650/lpcxpresso/tools/bin/../lib/gcc/arm-none-eabi/5.4.1/../../../../arm-none-eabi/lib/armv7-m\libcr_newlib_nohost.a(_cr_sbrk.o)
                0x020008f0                __end_of_heap
 .bss           0x020008f4       0x1c c:/nxp/lpcxpresso_8.2.2_650/lpcxpresso/tools/bin/../lib/gcc/arm-none-eabi/5.4.1/armv7-m\crtbegin.o
 *(COMMON)
 COMMON         0x02000910        0x4 C:\Users\Nick\Documents\LPCXpresso_8.2.2_650\workspace\lpc_chip_15xx\Debug\liblpc_chip_15xx.a(chip_15xx.o)
                0x02000910                SystemCoreClock
 COMMON         0x02000914        0x4 c:/nxp/lpcxpresso_8.2.2_650/lpcxpresso/tools/bin/../lib/gcc/arm-none-eabi/5.4.1/../../../../arm-none-eabi/lib/armv7-m\libc.a(lib_a-reent.o)
                0x02000914                errno
                0x02000918                . = ALIGN (0x4)
                0x02000918                _ebss = .
                [!provide]                PROVIDE (end, .)

.noinit_RAM2    0x02004000        0x0
 *(.noinit.$RAM2*)
 *(.noinit.$Ram1_16*)
                0x02004000                . = ALIGN (0x4)

.noinit_RAM3    0x02008000        0x0
 *(.noinit.$RAM3*)
 *(.noinit.$Ram2_4*)
                0x02008000                . = ALIGN (0x4)

.noinit         0x02000918        0x0
                0x02000918                _noinit = .
 *(.noinit*)
                0x02000918                . = ALIGN (0x4)
                0x02000918                _end_noinit = .
                0x02000918                PROVIDE (_pvHeapStart, DEFINED (__user_heap_base)?__user_heap_base:.)
                0x02004000                PROVIDE (_vStackTop, DEFINED (__user_stack_top)?__user_stack_top:(__top_Ram0_16 - 0x0))
                0xfdffb2b6                PROVIDE (__valid_user_code_checksum, (0x0 - ((((((_vStackTop + (ResetISR + 0x1)) + (NMI_Handler + 0x1)) + (HardFault_Handler + 0x1)) + (DEFINED (MemManage_Handler)?MemManage_Handler:0x0 + 0x1)) + (DEFINED (BusFault_Handler)?BusFault_Handler:0x0 + 0x1)) + (DEFINED (UsageFault_Handler)?UsageFault_Handler:0x0 + 0x1))))
OUTPUT(Project.axf elf32-littlearm)

.debug_info     0x00000000     0xbb96
 .debug_info    0x00000000      0x763 ./src/I2C.o
 .debug_info    0x00000763     0x11d3 ./src/ModbusMaster.o
 .debug_info    0x00001936      0xced ./src/SerialPort.o
 .debug_info    0x00002623      0x1aa ./src/cr_cpp_config.o
 .debug_info    0x000027cd      0x281 ./src/cr_startup_lpc15xx.o
 .debug_info    0x00002a4e      0x18f ./src/retarget_itm.o
 .debug_info    0x00002bdd       0xee ./src/sysinit.o
 .debug_info    0x00002ccb     0x2750 ./src/uart_test.o
 .debug_info    0x0000541b      0xaa8 C:\Users\Nick\Documents\LPCXpresso_8.2.2_650\workspace\lpc_board_nxp_lpcxpresso_1549\Debug\liblpc_board_nxp_lpcxpresso_1549.a(board.o)
 .debug_info    0x00005ec3      0xc90 C:\Users\Nick\Documents\LPCXpresso_8.2.2_650\workspace\lpc_board_nxp_lpcxpresso_1549\Debug\liblpc_board_nxp_lpcxpresso_1549.a(board_sysinit.o)
 .debug_info    0x00006b53      0x9ae C:\Users\Nick\Documents\LPCXpresso_8.2.2_650\workspace\lpc_chip_15xx\Debug\liblpc_chip_15xx.a(chip_15xx.o)
 .debug_info    0x00007501      0xd6a C:\Users\Nick\Documents\LPCXpresso_8.2.2_650\workspace\lpc_chip_15xx\Debug\liblpc_chip_15xx.a(clock_15xx.o)
 .debug_info    0x0000826b      0x645 C:\Users\Nick\Documents\LPCXpresso_8.2.2_650\workspace\lpc_chip_15xx\Debug\liblpc_chip_15xx.a(gpio_15xx.o)
 .debug_info    0x000088b0      0x437 C:\Users\Nick\Documents\LPCXpresso_8.2.2_650\workspace\lpc_chip_15xx\Debug\liblpc_chip_15xx.a(i2c_common_15xx.o)
 .debug_info    0x00008ce7      0x56b C:\Users\Nick\Documents\LPCXpresso_8.2.2_650\workspace\lpc_chip_15xx\Debug\liblpc_chip_15xx.a(i2cm_15xx.o)
 .debug_info    0x00009252      0x21a C:\Users\Nick\Documents\LPCXpresso_8.2.2_650\workspace\lpc_chip_15xx\Debug\liblpc_chip_15xx.a(iocon_15xx.o)
 .debug_info    0x0000946c      0x368 C:\Users\Nick\Documents\LPCXpresso_8.2.2_650\workspace\lpc_chip_15xx\Debug\liblpc_chip_15xx.a(ring_buffer.o)
 .debug_info    0x000097d4      0x60b C:\Users\Nick\Documents\LPCXpresso_8.2.2_650\workspace\lpc_chip_15xx\Debug\liblpc_chip_15xx.a(swm_15xx.o)
 .debug_info    0x00009ddf      0x76d C:\Users\Nick\Documents\LPCXpresso_8.2.2_650\workspace\lpc_chip_15xx\Debug\liblpc_chip_15xx.a(sysctl_15xx.o)
 .debug_info    0x0000a54c      0x759 C:\Users\Nick\Documents\LPCXpresso_8.2.2_650\workspace\lpc_chip_15xx\Debug\liblpc_chip_15xx.a(sysinit_15xx.o)
 .debug_info    0x0000aca5      0x8f4 C:\Users\Nick\Documents\LPCXpresso_8.2.2_650\workspace\lpc_chip_15xx\Debug\liblpc_chip_15xx.a(uart_15xx.o)
 .debug_info    0x0000b599      0x124 c:/nxp/lpcxpresso_8.2.2_650/lpcxpresso/tools/bin/../lib/gcc/arm-none-eabi/5.4.1/../../../../arm-none-eabi/lib/armv7-m\libcr_newlib_nohost.a(_cr_sbrk.o)
 .debug_info    0x0000b6bd       0xb5 c:/nxp/lpcxpresso_8.2.2_650/lpcxpresso/tools/bin/../lib/gcc/arm-none-eabi/5.4.1/../../../../arm-none-eabi/lib/armv7-m\libcr_newlib_nohost.a(close.o)
 .debug_info    0x0000b772      0x234 c:/nxp/lpcxpresso_8.2.2_650/lpcxpresso/tools/bin/../lib/gcc/arm-none-eabi/5.4.1/../../../../arm-none-eabi/lib/armv7-m\libcr_newlib_nohost.a(fstat.o)
 .debug_info    0x0000b9a6       0xb5 c:/nxp/lpcxpresso_8.2.2_650/lpcxpresso/tools/bin/../lib/gcc/arm-none-eabi/5.4.1/../../../../arm-none-eabi/lib/armv7-m\libcr_newlib_nohost.a(isatty.o)
 .debug_info    0x0000ba5b       0xd1 c:/nxp/lpcxpresso_8.2.2_650/lpcxpresso/tools/bin/../lib/gcc/arm-none-eabi/5.4.1/../../../../arm-none-eabi/lib/armv7-m\libcr_newlib_nohost.a(lseek.o)
 .debug_info    0x0000bb2c       0x6a c:/nxp/lpcxpresso_8.2.2_650/lpcxpresso/tools/bin/../lib/gcc/arm-none-eabi/5.4.1/../../../../arm-none-eabi/lib/armv7-m\libcr_newlib_nohost.a(_cr_check_heap.o)

.debug_abbrev   0x00000000     0x2930
 .debug_abbrev  0x00000000      0x253 ./src/I2C.o
 .debug_abbrev  0x00000253      0x30e ./src/ModbusMaster.o
 .debug_abbrev  0x00000561      0x34a ./src/SerialPort.o
 .debug_abbrev  0x000008ab       0xf4 ./src/cr_cpp_config.o
 .debug_abbrev  0x0000099f       0xe7 ./src/cr_startup_lpc15xx.o
 .debug_abbrev  0x00000a86       0xad ./src/retarget_itm.o
 .debug_abbrev  0x00000b33       0x82 ./src/sysinit.o
 .debug_abbrev  0x00000bb5      0x5e9 ./src/uart_test.o
 .debug_abbrev  0x0000119e      0x20e C:\Users\Nick\Documents\LPCXpresso_8.2.2_650\workspace\lpc_board_nxp_lpcxpresso_1549\Debug\liblpc_board_nxp_lpcxpresso_1549.a(board.o)
 .debug_abbrev  0x000013ac      0x208 C:\Users\Nick\Documents\LPCXpresso_8.2.2_650\workspace\lpc_board_nxp_lpcxpresso_1549\Debug\liblpc_board_nxp_lpcxpresso_1549.a(board_sysinit.o)
 .debug_abbrev  0x000015b4      0x1b3 C:\Users\Nick\Documents\LPCXpresso_8.2.2_650\workspace\lpc_chip_15xx\Debug\liblpc_chip_15xx.a(chip_15xx.o)
 .debug_abbrev  0x00001767      0x285 C:\Users\Nick\Documents\LPCXpresso_8.2.2_650\workspace\lpc_chip_15xx\Debug\liblpc_chip_15xx.a(clock_15xx.o)
 .debug_abbrev  0x000019ec      0x16a C:\Users\Nick\Documents\LPCXpresso_8.2.2_650\workspace\lpc_chip_15xx\Debug\liblpc_chip_15xx.a(gpio_15xx.o)
 .debug_abbrev  0x00001b56      0x11a C:\Users\Nick\Documents\LPCXpresso_8.2.2_650\workspace\lpc_chip_15xx\Debug\liblpc_chip_15xx.a(i2c_common_15xx.o)
 .debug_abbrev  0x00001c70      0x145 C:\Users\Nick\Documents\LPCXpresso_8.2.2_650\workspace\lpc_chip_15xx\Debug\liblpc_chip_15xx.a(i2cm_15xx.o)
 .debug_abbrev  0x00001db5      0x137 C:\Users\Nick\Documents\LPCXpresso_8.2.2_650\workspace\lpc_chip_15xx\Debug\liblpc_chip_15xx.a(iocon_15xx.o)
 .debug_abbrev  0x00001eec      0x12d C:\Users\Nick\Documents\LPCXpresso_8.2.2_650\workspace\lpc_chip_15xx\Debug\liblpc_chip_15xx.a(ring_buffer.o)
 .debug_abbrev  0x00002019      0x13e C:\Users\Nick\Documents\LPCXpresso_8.2.2_650\workspace\lpc_chip_15xx\Debug\liblpc_chip_15xx.a(swm_15xx.o)
 .debug_abbrev  0x00002157      0x12b C:\Users\Nick\Documents\LPCXpresso_8.2.2_650\workspace\lpc_chip_15xx\Debug\liblpc_chip_15xx.a(sysctl_15xx.o)
 .debug_abbrev  0x00002282      0x18c C:\Users\Nick\Documents\LPCXpresso_8.2.2_650\workspace\lpc_chip_15xx\Debug\liblpc_chip_15xx.a(sysinit_15xx.o)
 .debug_abbrev  0x0000240e      0x1e6 C:\Users\Nick\Documents\LPCXpresso_8.2.2_650\workspace\lpc_chip_15xx\Debug\liblpc_chip_15xx.a(uart_15xx.o)
 .debug_abbrev  0x000025f4       0xcf c:/nxp/lpcxpresso_8.2.2_650/lpcxpresso/tools/bin/../lib/gcc/arm-none-eabi/5.4.1/../../../../arm-none-eabi/lib/armv7-m\libcr_newlib_nohost.a(_cr_sbrk.o)
 .debug_abbrev  0x000026c3       0x66 c:/nxp/lpcxpresso_8.2.2_650/lpcxpresso/tools/bin/../lib/gcc/arm-none-eabi/5.4.1/../../../../arm-none-eabi/lib/armv7-m\libcr_newlib_nohost.a(close.o)
 .debug_abbrev  0x00002729       0xbb c:/nxp/lpcxpresso_8.2.2_650/lpcxpresso/tools/bin/../lib/gcc/arm-none-eabi/5.4.1/../../../../arm-none-eabi/lib/armv7-m\libcr_newlib_nohost.a(fstat.o)
 .debug_abbrev  0x000027e4       0x66 c:/nxp/lpcxpresso_8.2.2_650/lpcxpresso/tools/bin/../lib/gcc/arm-none-eabi/5.4.1/../../../../arm-none-eabi/lib/armv7-m\libcr_newlib_nohost.a(isatty.o)
 .debug_abbrev  0x0000284a       0x84 c:/nxp/lpcxpresso_8.2.2_650/lpcxpresso/tools/bin/../lib/gcc/arm-none-eabi/5.4.1/../../../../arm-none-eabi/lib/armv7-m\libcr_newlib_nohost.a(lseek.o)
 .debug_abbrev  0x000028ce       0x62 c:/nxp/lpcxpresso_8.2.2_650/lpcxpresso/tools/bin/../lib/gcc/arm-none-eabi/5.4.1/../../../../arm-none-eabi/lib/armv7-m\libcr_newlib_nohost.a(_cr_check_heap.o)

.debug_aranges  0x00000000      0xae0
 .debug_aranges
                0x00000000       0x50 ./src/I2C.o
 .debug_aranges
                0x00000050      0x160 ./src/ModbusMaster.o
 .debug_aranges
                0x000001b0       0xb8 ./src/SerialPort.o
 .debug_aranges
                0x00000268       0x48 ./src/cr_cpp_config.o
 .debug_aranges
                0x000002b0       0x80 ./src/cr_startup_lpc15xx.o
 .debug_aranges
                0x00000330       0x28 ./src/retarget_itm.o
 .debug_aranges
                0x00000358       0x20 ./src/sysinit.o
 .debug_aranges
                0x00000378       0xa0 ./src/uart_test.o
 .debug_aranges
                0x00000418       0xd0 C:\Users\Nick\Documents\LPCXpresso_8.2.2_650\workspace\lpc_board_nxp_lpcxpresso_1549\Debug\liblpc_board_nxp_lpcxpresso_1549.a(board.o)
 .debug_aranges
                0x000004e8       0x60 C:\Users\Nick\Documents\LPCXpresso_8.2.2_650\workspace\lpc_board_nxp_lpcxpresso_1549\Debug\liblpc_board_nxp_lpcxpresso_1549.a(board_sysinit.o)
 .debug_aranges
                0x00000548       0x50 C:\Users\Nick\Documents\LPCXpresso_8.2.2_650\workspace\lpc_chip_15xx\Debug\liblpc_chip_15xx.a(chip_15xx.o)
 .debug_aranges
                0x00000598      0x128 C:\Users\Nick\Documents\LPCXpresso_8.2.2_650\workspace\lpc_chip_15xx\Debug\liblpc_chip_15xx.a(clock_15xx.o)
 .debug_aranges
                0x000006c0       0x70 C:\Users\Nick\Documents\LPCXpresso_8.2.2_650\workspace\lpc_chip_15xx\Debug\liblpc_chip_15xx.a(gpio_15xx.o)
 .debug_aranges
                0x00000730       0x30 C:\Users\Nick\Documents\LPCXpresso_8.2.2_650\workspace\lpc_chip_15xx\Debug\liblpc_chip_15xx.a(i2c_common_15xx.o)
 .debug_aranges
                0x00000760       0x88 C:\Users\Nick\Documents\LPCXpresso_8.2.2_650\workspace\lpc_chip_15xx\Debug\liblpc_chip_15xx.a(i2cm_15xx.o)
 .debug_aranges
                0x000007e8       0x28 C:\Users\Nick\Documents\LPCXpresso_8.2.2_650\workspace\lpc_chip_15xx\Debug\liblpc_chip_15xx.a(iocon_15xx.o)
 .debug_aranges
                0x00000810       0x60 C:\Users\Nick\Documents\LPCXpresso_8.2.2_650\workspace\lpc_chip_15xx\Debug\liblpc_chip_15xx.a(ring_buffer.o)
 .debug_aranges
                0x00000870       0x40 C:\Users\Nick\Documents\LPCXpresso_8.2.2_650\workspace\lpc_chip_15xx\Debug\liblpc_chip_15xx.a(swm_15xx.o)
 .debug_aranges
                0x000008b0       0x50 C:\Users\Nick\Documents\LPCXpresso_8.2.2_650\workspace\lpc_chip_15xx\Debug\liblpc_chip_15xx.a(sysctl_15xx.o)
 .debug_aranges
                0x00000900       0x58 C:\Users\Nick\Documents\LPCXpresso_8.2.2_650\workspace\lpc_chip_15xx\Debug\liblpc_chip_15xx.a(sysinit_15xx.o)
 .debug_aranges
                0x00000958       0xc8 C:\Users\Nick\Documents\LPCXpresso_8.2.2_650\workspace\lpc_chip_15xx\Debug\liblpc_chip_15xx.a(uart_15xx.o)
 .debug_aranges
                0x00000a20       0x20 c:/nxp/lpcxpresso_8.2.2_650/lpcxpresso/tools/bin/../lib/gcc/arm-none-eabi/5.4.1/../../../../arm-none-eabi/lib/armv7-m\libcr_newlib_nohost.a(_cr_sbrk.o)
 .debug_aranges
                0x00000a40       0x20 c:/nxp/lpcxpresso_8.2.2_650/lpcxpresso/tools/bin/../lib/gcc/arm-none-eabi/5.4.1/../../../../arm-none-eabi/lib/armv7-m\libcr_newlib_nohost.a(close.o)
 .debug_aranges
                0x00000a60       0x20 c:/nxp/lpcxpresso_8.2.2_650/lpcxpresso/tools/bin/../lib/gcc/arm-none-eabi/5.4.1/../../../../arm-none-eabi/lib/armv7-m\libcr_newlib_nohost.a(fstat.o)
 .debug_aranges
                0x00000a80       0x20 c:/nxp/lpcxpresso_8.2.2_650/lpcxpresso/tools/bin/../lib/gcc/arm-none-eabi/5.4.1/../../../../arm-none-eabi/lib/armv7-m\libcr_newlib_nohost.a(isatty.o)
 .debug_aranges
                0x00000aa0       0x20 c:/nxp/lpcxpresso_8.2.2_650/lpcxpresso/tools/bin/../lib/gcc/arm-none-eabi/5.4.1/../../../../arm-none-eabi/lib/armv7-m\libcr_newlib_nohost.a(lseek.o)
 .debug_aranges
                0x00000ac0       0x20 c:/nxp/lpcxpresso_8.2.2_650/lpcxpresso/tools/bin/../lib/gcc/arm-none-eabi/5.4.1/../../../../arm-none-eabi/lib/armv7-m\libcr_newlib_nohost.a(_cr_check_heap.o)

.debug_ranges   0x00000000      0x930
 .debug_ranges  0x00000000       0x40 ./src/I2C.o
 .debug_ranges  0x00000040      0x150 ./src/ModbusMaster.o
 .debug_ranges  0x00000190       0xa8 ./src/SerialPort.o
 .debug_ranges  0x00000238       0x38 ./src/cr_cpp_config.o
 .debug_ranges  0x00000270       0x70 ./src/cr_startup_lpc15xx.o
 .debug_ranges  0x000002e0       0x18 ./src/retarget_itm.o
 .debug_ranges  0x000002f8       0x10 ./src/sysinit.o
 .debug_ranges  0x00000308       0x90 ./src/uart_test.o
 .debug_ranges  0x00000398       0xc0 C:\Users\Nick\Documents\LPCXpresso_8.2.2_650\workspace\lpc_board_nxp_lpcxpresso_1549\Debug\liblpc_board_nxp_lpcxpresso_1549.a(board.o)
 .debug_ranges  0x00000458       0x50 C:\Users\Nick\Documents\LPCXpresso_8.2.2_650\workspace\lpc_board_nxp_lpcxpresso_1549\Debug\liblpc_board_nxp_lpcxpresso_1549.a(board_sysinit.o)
 .debug_ranges  0x000004a8       0x40 C:\Users\Nick\Documents\LPCXpresso_8.2.2_650\workspace\lpc_chip_15xx\Debug\liblpc_chip_15xx.a(chip_15xx.o)
 .debug_ranges  0x000004e8      0x118 C:\Users\Nick\Documents\LPCXpresso_8.2.2_650\workspace\lpc_chip_15xx\Debug\liblpc_chip_15xx.a(clock_15xx.o)
 .debug_ranges  0x00000600       0x60 C:\Users\Nick\Documents\LPCXpresso_8.2.2_650\workspace\lpc_chip_15xx\Debug\liblpc_chip_15xx.a(gpio_15xx.o)
 .debug_ranges  0x00000660       0x20 C:\Users\Nick\Documents\LPCXpresso_8.2.2_650\workspace\lpc_chip_15xx\Debug\liblpc_chip_15xx.a(i2c_common_15xx.o)
 .debug_ranges  0x00000680       0x78 C:\Users\Nick\Documents\LPCXpresso_8.2.2_650\workspace\lpc_chip_15xx\Debug\liblpc_chip_15xx.a(i2cm_15xx.o)
 .debug_ranges  0x000006f8       0x18 C:\Users\Nick\Documents\LPCXpresso_8.2.2_650\workspace\lpc_chip_15xx\Debug\liblpc_chip_15xx.a(iocon_15xx.o)
 .debug_ranges  0x00000710       0x50 C:\Users\Nick\Documents\LPCXpresso_8.2.2_650\workspace\lpc_chip_15xx\Debug\liblpc_chip_15xx.a(ring_buffer.o)
 .debug_ranges  0x00000760       0x30 C:\Users\Nick\Documents\LPCXpresso_8.2.2_650\workspace\lpc_chip_15xx\Debug\liblpc_chip_15xx.a(swm_15xx.o)
 .debug_ranges  0x00000790       0x40 C:\Users\Nick\Documents\LPCXpresso_8.2.2_650\workspace\lpc_chip_15xx\Debug\liblpc_chip_15xx.a(sysctl_15xx.o)
 .debug_ranges  0x000007d0       0x48 C:\Users\Nick\Documents\LPCXpresso_8.2.2_650\workspace\lpc_chip_15xx\Debug\liblpc_chip_15xx.a(sysinit_15xx.o)
 .debug_ranges  0x00000818       0xb8 C:\Users\Nick\Documents\LPCXpresso_8.2.2_650\workspace\lpc_chip_15xx\Debug\liblpc_chip_15xx.a(uart_15xx.o)
 .debug_ranges  0x000008d0       0x10 c:/nxp/lpcxpresso_8.2.2_650/lpcxpresso/tools/bin/../lib/gcc/arm-none-eabi/5.4.1/../../../../arm-none-eabi/lib/armv7-m\libcr_newlib_nohost.a(_cr_sbrk.o)
 .debug_ranges  0x000008e0       0x10 c:/nxp/lpcxpresso_8.2.2_650/lpcxpresso/tools/bin/../lib/gcc/arm-none-eabi/5.4.1/../../../../arm-none-eabi/lib/armv7-m\libcr_newlib_nohost.a(close.o)
 .debug_ranges  0x000008f0       0x10 c:/nxp/lpcxpresso_8.2.2_650/lpcxpresso/tools/bin/../lib/gcc/arm-none-eabi/5.4.1/../../../../arm-none-eabi/lib/armv7-m\libcr_newlib_nohost.a(fstat.o)
 .debug_ranges  0x00000900       0x10 c:/nxp/lpcxpresso_8.2.2_650/lpcxpresso/tools/bin/../lib/gcc/arm-none-eabi/5.4.1/../../../../arm-none-eabi/lib/armv7-m\libcr_newlib_nohost.a(isatty.o)
 .debug_ranges  0x00000910       0x10 c:/nxp/lpcxpresso_8.2.2_650/lpcxpresso/tools/bin/../lib/gcc/arm-none-eabi/5.4.1/../../../../arm-none-eabi/lib/armv7-m\libcr_newlib_nohost.a(lseek.o)
 .debug_ranges  0x00000920       0x10 c:/nxp/lpcxpresso_8.2.2_650/lpcxpresso/tools/bin/../lib/gcc/arm-none-eabi/5.4.1/../../../../arm-none-eabi/lib/armv7-m\libcr_newlib_nohost.a(_cr_check_heap.o)

.debug_macro    0x00000000     0xa559
 .debug_macro   0x00000000      0x26a ./src/I2C.o
 .debug_macro   0x0000026a      0x8aa ./src/I2C.o
 .debug_macro   0x00000b14       0x22 ./src/I2C.o
 .debug_macro   0x00000b36       0x87 ./src/I2C.o
 .debug_macro   0x00000bbd       0x44 ./src/I2C.o
 .debug_macro   0x00000c01       0xfd ./src/I2C.o
 .debug_macro   0x00000cfe       0x5e ./src/I2C.o
 .debug_macro   0x00000d5c      0x1df ./src/I2C.o
 .debug_macro   0x00000f3b       0x28 ./src/I2C.o
 .debug_macro   0x00000f63       0x7b ./src/I2C.o
 .debug_macro   0x00000fde       0x10 ./src/I2C.o
 .debug_macro   0x00000fee       0x2d ./src/I2C.o
 .debug_macro   0x0000101b       0x3a ./src/I2C.o
 .debug_macro   0x00001055       0x2d ./src/I2C.o
 .debug_macro   0x00001082      0xa7d ./src/I2C.o
 .debug_macro   0x00001aff      0x1b4 ./src/I2C.o
 .debug_macro   0x00001cb3       0xca ./src/I2C.o
 .debug_macro   0x00001d7d       0x18 ./src/I2C.o
 .debug_macro   0x00001d95       0xb2 ./src/I2C.o
 .debug_macro   0x00001e47       0x70 ./src/I2C.o
 .debug_macro   0x00001eb7       0x46 ./src/I2C.o
 .debug_macro   0x00001efd       0xd0 ./src/I2C.o
 .debug_macro   0x00001fcd       0x40 ./src/I2C.o
 .debug_macro   0x0000200d      0x233 ./src/I2C.o
 .debug_macro   0x00002240       0x16 ./src/I2C.o
 .debug_macro   0x00002256       0x88 ./src/I2C.o
 .debug_macro   0x000022de       0x34 ./src/I2C.o
 .debug_macro   0x00002312       0x6a ./src/I2C.o
 .debug_macro   0x0000237c       0x40 ./src/I2C.o
 .debug_macro   0x000023bc       0x1c ./src/I2C.o
 .debug_macro   0x000023d8       0x16 ./src/I2C.o
 .debug_macro   0x000023ee      0x10c ./src/I2C.o
 .debug_macro   0x000024fa      0x2a9 ./src/I2C.o
 .debug_macro   0x000027a3       0x76 ./src/I2C.o
 .debug_macro   0x00002819       0x22 ./src/I2C.o
 .debug_macro   0x0000283b      0x152 ./src/I2C.o
 .debug_macro   0x0000298d       0x82 ./src/I2C.o
 .debug_macro   0x00002a0f       0xe6 ./src/I2C.o
 .debug_macro   0x00002af5       0x3a ./src/I2C.o
 .debug_macro   0x00002b2f       0x34 ./src/I2C.o
 .debug_macro   0x00002b63       0x10 ./src/I2C.o
 .debug_macro   0x00002b73       0x76 ./src/I2C.o
 .debug_macro   0x00002be9       0x58 ./src/I2C.o
 .debug_macro   0x00002c41      0x2ca ./src/I2C.o
 .debug_macro   0x00002f0b      0x22b ./src/I2C.o
 .debug_macro   0x00003136       0x2e ./src/I2C.o
 .debug_macro   0x00003164      0x41e ./src/ModbusMaster.o
 .debug_macro   0x00003582       0x10 ./src/ModbusMaster.o
 .debug_macro   0x00003592      0x136 ./src/ModbusMaster.o
 .debug_macro   0x000036c8      0x353 ./src/ModbusMaster.o
 .debug_macro   0x00003a1b      0x16d ./src/ModbusMaster.o
 .debug_macro   0x00003b88       0x74 ./src/ModbusMaster.o
 .debug_macro   0x00003bfc       0x11 ./src/ModbusMaster.o
 .debug_macro   0x00003c0d       0x34 ./src/ModbusMaster.o
 .debug_macro   0x00003c41       0x52 ./src/ModbusMaster.o
 .debug_macro   0x00003c93       0x35 ./src/ModbusMaster.o
 .debug_macro   0x00003cc8       0x9c ./src/ModbusMaster.o
 .debug_macro   0x00003d64       0x16 ./src/ModbusMaster.o
 .debug_macro   0x00003d7a       0x35 ./src/ModbusMaster.o
 .debug_macro   0x00003daf      0x330 ./src/ModbusMaster.o
 .debug_macro   0x000040df       0x10 ./src/ModbusMaster.o
 .debug_macro   0x000040ef       0x52 ./src/ModbusMaster.o
 .debug_macro   0x00004141       0x1f ./src/ModbusMaster.o
 .debug_macro   0x00004160       0x43 ./src/ModbusMaster.o
 .debug_macro   0x000041a3       0x20 ./src/ModbusMaster.o
 .debug_macro   0x000041c3      0x187 ./src/ModbusMaster.o
 .debug_macro   0x0000434a       0x10 ./src/ModbusMaster.o
 .debug_macro   0x0000435a       0x1c ./src/ModbusMaster.o
 .debug_macro   0x00004376       0x52 ./src/ModbusMaster.o
 .debug_macro   0x000043c8       0x40 ./src/ModbusMaster.o
 .debug_macro   0x00004408       0x10 ./src/ModbusMaster.o
 .debug_macro   0x00004418       0x40 ./src/ModbusMaster.o
 .debug_macro   0x00004458       0xd7 ./src/ModbusMaster.o
 .debug_macro   0x0000452f       0x16 ./src/ModbusMaster.o
 .debug_macro   0x00004545      0x189 ./src/ModbusMaster.o
 .debug_macro   0x000046ce       0x20 ./src/ModbusMaster.o